Component: ARM Compiler 5.06 update 1 (build 61) Tool: armlink [4d35a8]

==============================================================================

Section Cross References

    main.o(i.K210_deal) refers to serial.o(.data) for k210_data
    main.o(i.K210_deal) refers to main.o(.data) for move_flag
    main.o(i.Key) refers to key.o(i.Key_GetNum) for Key_GetNum
    main.o(i.Key) refers to fadd.o(.text) for __aeabi_fadd
    main.o(i.Key) refers to main.o(.data) for Key_Val
    main.o(i.Oled_disp) refers to oled.o(i.OLED_ShowSNum) for OLED_ShowSNum
    main.o(i.Oled_disp) refers to oled.o(i.OLED_ShowTrace) for OLED_ShowTrace
    main.o(i.Oled_disp) refers to ffixi.o(.text) for __aeabi_f2iz
    main.o(i.Oled_disp) refers to oled.o(i.OLED_ShowPWM) for OLED_ShowPWM
    main.o(i.Oled_disp) refers to oled.o(i.OLED_ShowStr) for OLED_ShowStr
    main.o(i.Oled_disp) refers to oled.o(i.OLED_ShowNum) for OLED_ShowNum
    main.o(i.Oled_disp) refers to stm32f10x_gpio.o(i.GPIO_ResetBits) for GPIO_ResetBits
    main.o(i.Oled_disp) refers to stm32f10x_gpio.o(i.GPIO_SetBits) for GPIO_SetBits
    main.o(i.Oled_disp) refers to main.o(.data) for move_flag
    main.o(i.TIM1_UP_IRQHandler) refers to stm32f10x_tim.o(i.TIM_GetITStatus) for TIM_GetITStatus
    main.o(i.TIM1_UP_IRQHandler) refers to main.o(i.Xunji) for Xunji
    main.o(i.TIM1_UP_IRQHandler) refers to motor.o(i.read_encoder3) for read_encoder3
    main.o(i.TIM1_UP_IRQHandler) refers to fflti.o(.text) for __aeabi_i2f
    main.o(i.TIM1_UP_IRQHandler) refers to fadd.o(.text) for __aeabi_fadd
    main.o(i.TIM1_UP_IRQHandler) refers to ffixi.o(.text) for __aeabi_f2iz
    main.o(i.TIM1_UP_IRQHandler) refers to pid.o(i.p_pid_l) for p_pid_l
    main.o(i.TIM1_UP_IRQHandler) refers to pid.o(i.limit) for limit
    main.o(i.TIM1_UP_IRQHandler) refers to pid.o(i.myabs) for myabs
    main.o(i.TIM1_UP_IRQHandler) refers to motor.o(i.Set_PWM_left) for Set_PWM_left
    main.o(i.TIM1_UP_IRQHandler) refers to pid.o(i.i_pid_l) for i_pid_l
    main.o(i.TIM1_UP_IRQHandler) refers to motor.o(i.read_encoder2) for read_encoder2
    main.o(i.TIM1_UP_IRQHandler) refers to pid.o(i.p_pid_r) for p_pid_r
    main.o(i.TIM1_UP_IRQHandler) refers to motor.o(i.Set_PWM_right) for Set_PWM_right
    main.o(i.TIM1_UP_IRQHandler) refers to pid.o(i.i_pid_r) for i_pid_r
    main.o(i.TIM1_UP_IRQHandler) refers to stm32f10x_tim.o(i.TIM_ClearITPendingBit) for TIM_ClearITPendingBit
    main.o(i.TIM1_UP_IRQHandler) refers to main.o(.data) for Oled_Slow_Down
    main.o(i.Xunji) refers to xunji.o(i.Read_Xunji) for Read_Xunji
    main.o(i.Xunji) refers to pid.o(i.myabs) for myabs
    main.o(i.Xunji) refers to main.o(.data) for xunji_vaule
    main.o(i.main) refers to delay.o(i.delay_init) for delay_init
    main.o(i.main) refers to led.o(i.LED_Init) for LED_Init
    main.o(i.main) refers to motor.o(i.motor_init) for motor_init
    main.o(i.main) refers to serial.o(i.Serial_Init) for Serial_Init
    main.o(i.main) refers to oled.o(i.OLED_Init) for OLED_Init
    main.o(i.main) refers to key.o(i.Key_Init) for Key_Init
    main.o(i.main) refers to xunji.o(i.Xunji_Init) for Xunji_Init
    main.o(i.main) refers to main.o(i.Key) for Key
    main.o(i.main) refers to main.o(i.Oled_disp) for Oled_disp
    main.o(i.main) refers to main.o(i.K210_deal) for K210_deal
    main.o(i.main) refers to pid.o(i.myabs) for myabs
    main.o(i.main) refers to xunji.o(i.Read_Xunji) for Read_Xunji
    main.o(i.main) refers to main.o(.data) for tar_speed_right
    main.o(i.main) refers to serial.o(.data) for k210_data
    system_stm32f10x.o(i.SetSysClock) refers to system_stm32f10x.o(i.SetSysClockTo72) for SetSysClockTo72
    system_stm32f10x.o(i.SystemCoreClockUpdate) refers to system_stm32f10x.o(.data) for SystemCoreClock
    system_stm32f10x.o(i.SystemInit) refers to system_stm32f10x.o(i.SetSysClock) for SetSysClock
    startup_stm32f10x_md.o(RESET) refers to startup_stm32f10x_md.o(STACK) for __initial_sp
    startup_stm32f10x_md.o(RESET) refers to startup_stm32f10x_md.o(.text) for Reset_Handler
    startup_stm32f10x_md.o(RESET) refers to stm32f10x_it.o(i.NMI_Handler) for NMI_Handler
    startup_stm32f10x_md.o(RESET) refers to stm32f10x_it.o(i.HardFault_Handler) for HardFault_Handler
    startup_stm32f10x_md.o(RESET) refers to stm32f10x_it.o(i.MemManage_Handler) for MemManage_Handler
    startup_stm32f10x_md.o(RESET) refers to stm32f10x_it.o(i.BusFault_Handler) for BusFault_Handler
    startup_stm32f10x_md.o(RESET) refers to stm32f10x_it.o(i.UsageFault_Handler) for UsageFault_Handler
    startup_stm32f10x_md.o(RESET) refers to stm32f10x_it.o(i.SVC_Handler) for SVC_Handler
    startup_stm32f10x_md.o(RESET) refers to stm32f10x_it.o(i.DebugMon_Handler) for DebugMon_Handler
    startup_stm32f10x_md.o(RESET) refers to stm32f10x_it.o(i.PendSV_Handler) for PendSV_Handler
    startup_stm32f10x_md.o(RESET) refers to stm32f10x_it.o(i.SysTick_Handler) for SysTick_Handler
[...]
    Removing stm32f10x_adc.o(i.ADC_GetITStatus), (36 bytes).
    Removing stm32f10x_adc.o(i.ADC_GetInjectedConversionValue), (28 bytes).
    Removing stm32f10x_adc.o(i.ADC_GetResetCalibrationStatus), (20 bytes).
    Removing stm32f10x_adc.o(i.ADC_GetSoftwareStartConvStatus), (20 bytes).
    Removing stm32f10x_adc.o(i.ADC_GetSoftwareStartInjectedConvCmdStatus), (20 bytes).
    Removing stm32f10x_adc.o(i.ADC_ITConfig), (24 bytes).
    Removing stm32f10x_adc.o(i.ADC_Init), (80 bytes).
    Removing stm32f10x_adc.o(i.ADC_InjectedChannelConfig), (130 bytes).
    Removing stm32f10x_adc.o(i.ADC_InjectedDiscModeCmd), (22 bytes).
    Removing stm32f10x_adc.o(i.ADC_InjectedSequencerLengthConfig), (24 bytes).
    Removing stm32f10x_adc.o(i.ADC_RegularChannelConfig), (184 bytes).
    Removing stm32f10x_adc.o(i.ADC_ResetCalibration), (10 bytes).
    Removing stm32f10x_adc.o(i.ADC_SetInjectedOffset), (20 bytes).
    Removing stm32f10x_adc.o(i.ADC_SoftwareStartConvCmd), (22 bytes).
    Removing stm32f10x_adc.o(i.ADC_SoftwareStartInjectedConvCmd), (22 bytes).
    Removing stm32f10x_adc.o(i.ADC_StartCalibration), (10 bytes).
    Removing stm32f10x_adc.o(i.ADC_StructInit), (18 bytes).
    Removing stm32f10x_adc.o(i.ADC_TempSensorVrefintCmd), (36 bytes).
    Removing stm32f10x_bkp.o(i.BKP_ClearFlag), (20 bytes).
    Removing stm32f10x_bkp.o(i.BKP_ClearITPendingBit), (20 bytes).
    Removing stm32f10x_bkp.o(i.BKP_DeInit), (16 bytes).
    Removing stm32f10x_bkp.o(i.BKP_GetFlagStatus), (12 bytes).
    Removing stm32f10x_bkp.o(i.BKP_GetITStatus), (12 bytes).
    Removing stm32f10x_bkp.o(i.BKP_ITConfig), (12 bytes).
    Removing stm32f10x_bkp.o(i.BKP_RTCOutputConfig), (28 bytes).
    Removing stm32f10x_bkp.o(i.BKP_ReadBackupRegister), (28 bytes).
    Removing stm32f10x_bkp.o(i.BKP_SetRTCCalibrationValue), (28 bytes).
    Removing stm32f10x_bkp.o(i.BKP_TamperPinCmd), (12 bytes).
    Removing stm32f10x_bkp.o(i.BKP_TamperPinLevelConfig), (12 bytes).
    Removing stm32f10x_bkp.o(i.BKP_WriteBackupRegister), (28 bytes).
    Removing stm32f10x_can.o(i.CAN_CancelTransmit), (48 bytes).
    Removing stm32f10x_can.o(i.CAN_ClearFlag), (56 bytes).
    Removing stm32f10x_can.o(i.CAN_ClearITPendingBit), (168 bytes).
    Removing stm32f10x_can.o(i.CAN_DBGFreeze), (22 bytes).
    Removing stm32f10x_can.o(i.CAN_DeInit), (56 bytes).
    Removing stm32f10x_can.o(i.CAN_FIFORelease), (22 bytes).
    Removing stm32f10x_can.o(i.CAN_FilterInit), (264 bytes).
    Removing stm32f10x_can.o(i.CAN_GetFlagStatus), (120 bytes).
    Removing stm32f10x_can.o(i.CAN_GetITStatus), (288 bytes).
    Removing stm32f10x_can.o(i.CAN_GetLSBTransmitErrorCounter), (12 bytes).
    Removing stm32f10x_can.o(i.CAN_GetLastErrorCode), (12 bytes).
    Removing stm32f10x_can.o(i.CAN_GetReceiveErrorCounter), (10 bytes).
    Removing stm32f10x_can.o(i.CAN_ITConfig), (18 bytes).
    Removing stm32f10x_can.o(i.CAN_Init), (276 bytes).
    Removing stm32f10x_can.o(i.CAN_MessagePending), (30 bytes).
    Removing stm32f10x_can.o(i.CAN_OperatingModeRequest), (162 bytes).
    Removing stm32f10x_can.o(i.CAN_Receive), (240 bytes).
    Removing stm32f10x_can.o(i.CAN_SlaveStartBank), (52 bytes).
    Removing stm32f10x_can.o(i.CAN_Sleep), (30 bytes).
    Removing stm32f10x_can.o(i.CAN_StructInit), (32 bytes).
    Removing stm32f10x_can.o(i.CAN_TTComModeCmd), (118 bytes).
    Removing stm32f10x_can.o(i.CAN_Transmit), (294 bytes).
    Removing stm32f10x_can.o(i.CAN_TransmitStatus), (160 bytes).
    Removing stm32f10x_can.o(i.CAN_WakeUp), (48 bytes).
    Removing stm32f10x_can.o(i.CheckITStatus), (18 bytes).
    Removing stm32f10x_cec.o(i.CEC_ClearFlag), (36 bytes).
    Removing stm32f10x_cec.o(i.CEC_ClearITPendingBit), (36 bytes).
    Removing stm32f10x_cec.o(i.CEC_Cmd), (32 bytes).
    Removing stm32f10x_cec.o(i.CEC_DeInit), (22 bytes).
    Removing stm32f10x_cec.o(i.CEC_EndOfMessageCmd), (12 bytes).
    Removing stm32f10x_cec.o(i.CEC_GetFlagStatus), (48 bytes).
    Removing stm32f10x_cec.o(i.CEC_GetITStatus), (40 bytes).
    Removing stm32f10x_cec.o(i.CEC_ITConfig), (12 bytes).
    Removing stm32f10x_cec.o(i.CEC_Init), (32 bytes).
    Removing stm32f10x_cec.o(i.CEC_OwnAddressConfig), (12 bytes).
    Removing stm32f10x_cec.o(i.CEC_ReceiveDataByte), (12 bytes).
    Removing stm32f10x_cec.o(i.CEC_SendDataByte), (12 bytes).
    Removing stm32f10x_cec.o(i.CEC_SetPrescaler), (12 bytes).
    Removing stm32f10x_cec.o(i.CEC_StartOfMessage), (12 bytes).
    Removing stm32f10x_crc.o(i.CRC_CalcBlockCRC), (36 bytes).
    Removing stm32f10x_crc.o(i.CRC_CalcCRC), (16 bytes).
    Removing stm32f10x_crc.o(i.CRC_GetCRC), (12 bytes).
    Removing stm32f10x_crc.o(i.CRC_GetIDRegister), (12 bytes).
    Removing stm32f10x_crc.o(i.CRC_ResetDR), (12 bytes).
    Removing stm32f10x_crc.o(i.CRC_SetIDRegister), (12 bytes).
    Removing stm32f10x_dac.o(i.DAC_Cmd), (40 bytes).
    Removing stm32f10x_dac.o(i.DAC_DMACmd), (44 bytes).
    Removing stm32f10x_dac.o(i.DAC_DeInit), (22 bytes).
    Removing stm32f10x_dac.o(i.DAC_DualSoftwareTriggerCmd), (36 bytes).
    Removing stm32f10x_dac.o(i.DAC_GetDataOutputValue), (36 bytes).
    Removing stm32f10x_dac.o(i.DAC_Init), (52 bytes).
    Removing stm32f10x_dac.o(i.DAC_SetChannel1Data), (32 bytes).
    Removing stm32f10x_dac.o(i.DAC_SetChannel2Data), (32 bytes).
    Removing stm32f10x_dac.o(i.DAC_SetDualChannelData), (36 bytes).
    Removing stm32f10x_dac.o(i.DAC_SoftwareTriggerCmd), (44 bytes).
    Removing stm32f10x_dac.o(i.DAC_StructInit), (12 bytes).
    Removing stm32f10x_dac.o(i.DAC_WaveGenerationCmd), (40 bytes).
    Removing stm32f10x_dbgmcu.o(i.DBGMCU_Config), (32 bytes).
    Removing stm32f10x_dbgmcu.o(i.DBGMCU_GetDEVID), (16 bytes).
    Removing stm32f10x_dbgmcu.o(i.DBGMCU_GetREVID), (12 bytes).
    Removing stm32f10x_dma.o(i.DMA_ClearFlag), (28 bytes).
    Removing stm32f10x_dma.o(i.DMA_ClearITPendingBit), (28 bytes).
    Removing stm32f10x_dma.o(i.DMA_Cmd), (24 bytes).
    Removing stm32f10x_dma.o(i.DMA_DeInit), (332 bytes).
    Removing stm32f10x_dma.o(i.DMA_GetCurrDataCounter), (8 bytes).
    Removing stm32f10x_dma.o(i.DMA_GetFlagStatus), (44 bytes).
    Removing stm32f10x_dma.o(i.DMA_GetITStatus), (44 bytes).
    Removing stm32f10x_dma.o(i.DMA_ITConfig), (18 bytes).
    Removing stm32f10x_dma.o(i.DMA_Init), (60 bytes).
    Removing stm32f10x_dma.o(i.DMA_SetCurrDataCounter), (4 bytes).
    Removing stm32f10x_dma.o(i.DMA_StructInit), (26 bytes).
    Removing stm32f10x_exti.o(i.EXTI_ClearFlag), (12 bytes).
    Removing stm32f10x_exti.o(i.EXTI_ClearITPendingBit), (12 bytes).
    Removing stm32f10x_exti.o(i.EXTI_DeInit), (36 bytes).
    Removing stm32f10x_exti.o(i.EXTI_GenerateSWInterrupt), (16 bytes).
    Removing stm32f10x_exti.o(i.EXTI_GetFlagStatus), (24 bytes).
    Removing stm32f10x_exti.o(i.EXTI_GetITStatus), (40 bytes).
    Removing stm32f10x_exti.o(i.EXTI_Init), (148 bytes).
    Removing stm32f10x_exti.o(i.EXTI_StructInit), (16 bytes).
    Removing stm32f10x_flash.o(i.FLASH_ClearFlag), (12 bytes).
    Removing stm32f10x_flash.o(i.FLASH_EnableWriteProtection), (196 bytes).
    Removing stm32f10x_flash.o(i.FLASH_EraseAllBank1Pages), (72 bytes).
    Removing stm32f10x_flash.o(i.FLASH_EraseAllPages), (72 bytes).
    Removing stm32f10x_flash.o(i.FLASH_EraseOptionBytes), (168 bytes).
    Removing stm32f10x_flash.o(i.FLASH_ErasePage), (76 bytes).
    Removing stm32f10x_flash.o(i.FLASH_GetBank1Status), (52 bytes).
    Removing stm32f10x_flash.o(i.FLASH_GetFlagStatus), (48 bytes).
    Removing stm32f10x_flash.o(i.FLASH_GetPrefetchBufferStatus), (24 bytes).
    Removing stm32f10x_flash.o(i.FLASH_GetReadOutProtectionStatus), (24 bytes).
    Removing stm32f10x_flash.o(i.FLASH_GetStatus), (52 bytes).
    Removing stm32f10x_flash.o(i.FLASH_GetUserOptionByte), (12 bytes).
    Removing stm32f10x_flash.o(i.FLASH_GetWriteProtectionOptionByte), (12 bytes).
    Removing stm32f10x_flash.o(i.FLASH_HalfCycleAccessCmd), (28 bytes).
    Removing stm32f10x_flash.o(i.FLASH_ITConfig), (32 bytes).
    Removing stm32f10x_flash.o(i.FLASH_Lock), (20 bytes).
    Removing stm32f10x_flash.o(i.FLASH_LockBank1), (20 bytes).
    Removing stm32f10x_flash.o(i.FLASH_PrefetchBufferCmd), (28 bytes).
    Removing stm32f10x_flash.o(i.FLASH_ProgramHalfWord), (64 bytes).
    Removing stm32f10x_flash.o(i.FLASH_ProgramOptionByteData), (84 bytes).
    Removing stm32f10x_flash.o(i.FLASH_ProgramWord), (108 bytes).
    Removing stm32f10x_flash.o(i.FLASH_ReadOutProtection), (172 bytes).
    Removing stm32f10x_flash.o(i.FLASH_SetLatency), (24 bytes).
    Removing stm32f10x_flash.o(i.FLASH_Unlock), (24 bytes).
    Removing stm32f10x_flash.o(i.FLASH_UnlockBank1), (24 bytes).
    Removing stm32f10x_flash.o(i.FLASH_UserOptionByteConfig), (104 bytes).
    Removing stm32f10x_flash.o(i.FLASH_WaitForLastBank1Operation), (38 bytes).
    Removing stm32f10x_flash.o(i.FLASH_WaitForLastOperation), (38 bytes).
    Removing stm32f10x_fsmc.o(i.FSMC_ClearFlag), (64 bytes).
    Removing stm32f10x_fsmc.o(i.FSMC_ClearITPendingBit), (72 bytes).
    Removing stm32f10x_fsmc.o(i.FSMC_GetECC), (28 bytes).
    Removing stm32f10x_fsmc.o(i.FSMC_GetFlagStatus), (56 bytes).
    Removing stm32f10x_fsmc.o(i.FSMC_GetITStatus), (68 bytes).
    Removing stm32f10x_fsmc.o(i.FSMC_ITConfig), (128 bytes).
    Removing stm32f10x_fsmc.o(i.FSMC_NANDCmd), (92 bytes).
    Removing stm32f10x_fsmc.o(i.FSMC_NANDDeInit), (68 bytes).
    Removing stm32f10x_fsmc.o(i.FSMC_NANDECCCmd), (92 bytes).
    Removing stm32f10x_fsmc.o(i.FSMC_NANDInit), (136 bytes).
    Removing stm32f10x_fsmc.o(i.FSMC_NANDStructInit), (54 bytes).
    Removing stm32f10x_fsmc.o(i.FSMC_NORSRAMCmd), (52 bytes).
    Removing stm32f10x_fsmc.o(i.FSMC_NORSRAMDeInit), (54 bytes).
    Removing stm32f10x_fsmc.o(i.FSMC_NORSRAMInit), (230 bytes).
    Removing stm32f10x_fsmc.o(i.FSMC_NORSRAMStructInit), (114 bytes).
    Removing stm32f10x_fsmc.o(i.FSMC_PCCARDCmd), (48 bytes).
    Removing stm32f10x_fsmc.o(i.FSMC_PCCARDDeInit), (40 bytes).
    Removing stm32f10x_fsmc.o(i.FSMC_PCCARDInit), (132 bytes).
    Removing stm32f10x_fsmc.o(i.FSMC_PCCARDStructInit), (60 bytes).
    Removing stm32f10x_gpio.o(i.GPIO_AFIODeInit), (20 bytes).
    Removing stm32f10x_gpio.o(i.GPIO_DeInit), (200 bytes).
    Removing stm32f10x_gpio.o(i.GPIO_ETH_MediaInterfaceConfig), (12 bytes).
    Removing stm32f10x_gpio.o(i.GPIO_EXTILineConfig), (64 bytes).
    Removing stm32f10x_gpio.o(i.GPIO_EventOutputCmd), (12 bytes).
    Removing stm32f10x_gpio.o(i.GPIO_EventOutputConfig), (32 bytes).
    Removing stm32f10x_gpio.o(i.GPIO_PinLockConfig), (18 bytes).
    Removing stm32f10x_gpio.o(i.GPIO_ReadInputData), (8 bytes).
    Removing stm32f10x_gpio.o(i.GPIO_ReadOutputData), (8 bytes).
    Removing stm32f10x_gpio.o(i.GPIO_ReadOutputDataBit), (18 bytes).
    Removing stm32f10x_gpio.o(i.GPIO_StructInit), (16 bytes).
    Removing stm32f10x_gpio.o(i.GPIO_Write), (4 bytes).
    Removing stm32f10x_gpio.o(i.GPIO_WriteBit), (10 bytes).
    Removing stm32f10x_i2c.o(i.I2C_ARPCmd), (24 bytes).
    Removing stm32f10x_i2c.o(i.I2C_AcknowledgeConfig), (24 bytes).
    Removing stm32f10x_i2c.o(i.I2C_CalculatePEC), (24 bytes).
    Removing stm32f10x_i2c.o(i.I2C_CheckEvent), (42 bytes).
    Removing stm32f10x_i2c.o(i.I2C_ClearFlag), (12 bytes).
    Removing stm32f10x_i2c.o(i.I2C_ClearITPendingBit), (12 bytes).
    Removing stm32f10x_i2c.o(i.I2C_Cmd), (24 bytes).
    Removing stm32f10x_i2c.o(i.I2C_DMACmd), (24 bytes).
    Removing stm32f10x_i2c.o(i.I2C_DMALastTransferCmd), (24 bytes).
    Removing stm32f10x_i2c.o(i.I2C_DeInit), (56 bytes).
    Removing stm32f10x_i2c.o(i.I2C_DualAddressCmd), (24 bytes).
    Removing stm32f10x_i2c.o(i.I2C_FastModeDutyCycleConfig), (28 bytes).
    Removing stm32f10x_i2c.o(i.I2C_GeneralCallCmd), (24 bytes).
    Removing stm32f10x_i2c.o(i.I2C_GenerateSTART), (24 bytes).
    Removing stm32f10x_i2c.o(i.I2C_GenerateSTOP), (24 bytes).
    Removing stm32f10x_i2c.o(i.I2C_GetFlagStatus), (58 bytes).
    Removing stm32f10x_i2c.o(i.I2C_GetITStatus), (38 bytes).
    Removing stm32f10x_i2c.o(i.I2C_GetLastEvent), (26 bytes).
    Removing stm32f10x_i2c.o(i.I2C_GetPEC), (8 bytes).
    Removing stm32f10x_i2c.o(i.I2C_ITConfig), (18 bytes).
    Removing stm32f10x_i2c.o(i.I2C_Init), (236 bytes).
    Removing stm32f10x_i2c.o(i.I2C_NACKPositionConfig), (28 bytes).
    Removing stm32f10x_i2c.o(i.I2C_OwnAddress2Config), (22 bytes).
    Removing stm32f10x_i2c.o(i.I2C_PECPositionConfig), (28 bytes).
    Removing stm32f10x_i2c.o(i.I2C_ReadRegister), (22 bytes).
    Removing stm32f10x_i2c.o(i.I2C_ReceiveData), (8 bytes).
    Removing stm32f10x_i2c.o(i.I2C_SMBusAlertConfig), (28 bytes).
    Removing stm32f10x_i2c.o(i.I2C_Send7bitAddress), (18 bytes).
    Removing stm32f10x_i2c.o(i.I2C_SendData), (4 bytes).
    Removing stm32f10x_i2c.o(i.I2C_SoftwareResetCmd), (22 bytes).
    Removing stm32f10x_i2c.o(i.I2C_StretchClockCmd), (24 bytes).
    Removing stm32f10x_i2c.o(i.I2C_StructInit), (30 bytes).
    Removing stm32f10x_i2c.o(i.I2C_TransmitPEC), (24 bytes).
    Removing stm32f10x_iwdg.o(i.IWDG_Enable), (16 bytes).
    Removing stm32f10x_iwdg.o(i.IWDG_GetFlagStatus), (24 bytes).
    Removing stm32f10x_iwdg.o(i.IWDG_ReloadCounter), (16 bytes).
    Removing stm32f10x_iwdg.o(i.IWDG_SetPrescaler), (12 bytes).
    Removing stm32f10x_iwdg.o(i.IWDG_SetReload), (12 bytes).
    Removing stm32f10x_iwdg.o(i.IWDG_WriteAccessCmd), (12 bytes).
    Removing stm32f10x_pwr.o(i.PWR_BackupAccessCmd), (12 bytes).
    Removing stm32f10x_pwr.o(i.PWR_ClearFlag), (20 bytes).
    Removing stm32f10x_pwr.o(i.PWR_DeInit), (22 bytes).
    Removing stm32f10x_pwr.o(i.PWR_EnterSTANDBYMode), (52 bytes).
    Removing stm32f10x_pwr.o(i.PWR_EnterSTOPMode), (64 bytes).
    Removing stm32f10x_pwr.o(i.PWR_GetFlagStatus), (24 bytes).
    Removing stm32f10x_pwr.o(i.PWR_PVDCmd), (12 bytes).
    Removing stm32f10x_pwr.o(i.PWR_PVDLevelConfig), (24 bytes).
    Removing stm32f10x_pwr.o(i.PWR_WakeUpPinCmd), (12 bytes).
    Removing stm32f10x_rcc.o(i.RCC_ADCCLKConfig), (24 bytes).
    Removing stm32f10x_rcc.o(i.RCC_AHBPeriphClockCmd), (32 bytes).
    Removing stm32f10x_rcc.o(i.RCC_APB1PeriphResetCmd), (32 bytes).
    Removing stm32f10x_rcc.o(i.RCC_APB2PeriphResetCmd), (32 bytes).
    Removing stm32f10x_rcc.o(i.RCC_AdjustHSICalibrationValue), (24 bytes).
    Removing stm32f10x_rcc.o(i.RCC_BackupResetCmd), (12 bytes).
    Removing stm32f10x_rcc.o(i.RCC_ClearFlag), (20 bytes).
    Removing stm32f10x_rcc.o(i.RCC_ClearITPendingBit), (12 bytes).
    Removing stm32f10x_rcc.o(i.RCC_ClockSecuritySystemCmd), (12 bytes).
    Removing stm32f10x_rcc.o(i.RCC_DeInit), (76 bytes).
    Removing stm32f10x_rcc.o(i.RCC_GetFlagStatus), (60 bytes).
    Removing stm32f10x_rcc.o(i.RCC_GetITStatus), (24 bytes).
    Removing stm32f10x_rcc.o(i.RCC_GetSYSCLKSource), (16 bytes).
    Removing stm32f10x_rcc.o(i.RCC_HCLKConfig), (24 bytes).
    Removing stm32f10x_rcc.o(i.RCC_HSEConfig), (76 bytes).
    Removing stm32f10x_rcc.o(i.RCC_HSICmd), (12 bytes).
    Removing stm32f10x_rcc.o(i.RCC_ITConfig), (32 bytes).
    Removing stm32f10x_rcc.o(i.RCC_LSEConfig), (52 bytes).
    Removing stm32f10x_rcc.o(i.RCC_LSICmd), (12 bytes).
    Removing stm32f10x_rcc.o(i.RCC_MCOConfig), (12 bytes).
    Removing stm32f10x_rcc.o(i.RCC_PCLK1Config), (24 bytes).
    Removing stm32f10x_rcc.o(i.RCC_PCLK2Config), (24 bytes).
    Removing stm32f10x_rcc.o(i.RCC_PLLCmd), (12 bytes).
    Removing stm32f10x_rcc.o(i.RCC_PLLConfig), (28 bytes).
    Removing stm32f10x_rcc.o(i.RCC_RTCCLKCmd), (12 bytes).
    Removing stm32f10x_rcc.o(i.RCC_RTCCLKConfig), (16 bytes).
    Removing stm32f10x_rcc.o(i.RCC_SYSCLKConfig), (24 bytes).
    Removing stm32f10x_rcc.o(i.RCC_USBCLKConfig), (12 bytes).
    Removing stm32f10x_rcc.o(i.RCC_WaitForHSEStartUp), (56 bytes).
    Removing stm32f10x_rtc.o(i.RTC_ClearFlag), (16 bytes).
    Removing stm32f10x_rtc.o(i.RTC_ClearITPendingBit), (16 bytes).
    Removing stm32f10x_rtc.o(i.RTC_EnterConfigMode), (20 bytes).
    Removing stm32f10x_rtc.o(i.RTC_ExitConfigMode), (20 bytes).
    Removing stm32f10x_rtc.o(i.RTC_GetCounter), (20 bytes).
    Removing stm32f10x_rtc.o(i.RTC_GetDivider), (24 bytes).
    Removing stm32f10x_rtc.o(i.RTC_GetFlagStatus), (24 bytes).
    Removing stm32f10x_rtc.o(i.RTC_GetITStatus), (36 bytes).
    Removing stm32f10x_rtc.o(i.RTC_ITConfig), (32 bytes).
    Removing stm32f10x_rtc.o(i.RTC_SetAlarm), (28 bytes).
    Removing stm32f10x_rtc.o(i.RTC_SetCounter), (28 bytes).
    Removing stm32f10x_rtc.o(i.RTC_SetPrescaler), (32 bytes).
    Removing stm32f10x_rtc.o(i.RTC_WaitForLastTask), (20 bytes).
    Removing stm32f10x_rtc.o(i.RTC_WaitForSynchro), (36 bytes).
    Removing stm32f10x_sdio.o(i.SDIO_CEATAITCmd), (16 bytes).
    Removing stm32f10x_sdio.o(i.SDIO_ClearFlag), (12 bytes).
    Removing stm32f10x_sdio.o(i.SDIO_ClearITPendingBit), (12 bytes).
    Removing stm32f10x_sdio.o(i.SDIO_ClockCmd), (12 bytes).
    Removing stm32f10x_sdio.o(i.SDIO_CmdStructInit), (14 bytes).
    Removing stm32f10x_sdio.o(i.SDIO_CommandCompletionCmd), (12 bytes).
    Removing stm32f10x_sdio.o(i.SDIO_DMACmd), (12 bytes).
    Removing stm32f10x_sdio.o(i.SDIO_DataConfig), (48 bytes).
    Removing stm32f10x_sdio.o(i.SDIO_DataStructInit), (20 bytes).
    Removing stm32f10x_sdio.o(i.SDIO_DeInit), (36 bytes).
    Removing stm32f10x_sdio.o(i.SDIO_GetCommandResponse), (12 bytes).
    Removing stm32f10x_sdio.o(i.SDIO_GetDataCounter), (12 bytes).
    Removing stm32f10x_sdio.o(i.SDIO_GetFIFOCount), (12 bytes).
    Removing stm32f10x_sdio.o(i.SDIO_GetFlagStatus), (24 bytes).
    Removing stm32f10x_sdio.o(i.SDIO_GetITStatus), (24 bytes).
    Removing stm32f10x_sdio.o(i.SDIO_GetPowerState), (16 bytes).
    Removing stm32f10x_sdio.o(i.SDIO_GetResponse), (24 bytes).
    Removing stm32f10x_sdio.o(i.SDIO_ITConfig), (32 bytes).
    Removing stm32f10x_sdio.o(i.SDIO_Init), (48 bytes).
    Removing stm32f10x_sdio.o(i.SDIO_ReadData), (12 bytes).
    Removing stm32f10x_sdio.o(i.SDIO_SendCEATACmd), (12 bytes).
    Removing stm32f10x_sdio.o(i.SDIO_SendCommand), (44 bytes).
    Removing stm32f10x_sdio.o(i.SDIO_SendSDIOSuspendCmd), (12 bytes).
    Removing stm32f10x_sdio.o(i.SDIO_SetPowerState), (28 bytes).
    Removing stm32f10x_sdio.o(i.SDIO_SetSDIOOperation), (12 bytes).
    Removing stm32f10x_sdio.o(i.SDIO_SetSDIOReadWaitMode), (12 bytes).
    Removing stm32f10x_sdio.o(i.SDIO_StartSDIOReadWait), (12 bytes).
    Removing stm32f10x_sdio.o(i.SDIO_StopSDIOReadWait), (12 bytes).
    Removing stm32f10x_sdio.o(i.SDIO_StructInit), (16 bytes).
    Removing stm32f10x_sdio.o(i.SDIO_WriteData), (12 bytes).
    Removing stm32f10x_spi.o(i.I2S_Cmd), (24 bytes).
    Removing stm32f10x_spi.o(i.I2S_Init), (232 bytes).
    Removing stm32f10x_spi.o(i.I2S_StructInit), (20 bytes).
    Removing stm32f10x_spi.o(i.SPI_BiDirectionalLineConfig), (28 bytes).
    Removing stm32f10x_spi.o(i.SPI_CalculateCRC), (24 bytes).
    Removing stm32f10x_spi.o(i.SPI_Cmd), (24 bytes).
    Removing stm32f10x_spi.o(i.SPI_DataSizeConfig), (18 bytes).
    Removing stm32f10x_spi.o(i.SPI_GetCRC), (16 bytes).
    Removing stm32f10x_spi.o(i.SPI_GetCRCPolynomial), (6 bytes).
    Removing stm32f10x_spi.o(i.SPI_I2S_ClearFlag), (6 bytes).
    Removing stm32f10x_spi.o(i.SPI_I2S_ClearITPendingBit), (20 bytes).
    Removing stm32f10x_spi.o(i.SPI_I2S_DMACmd), (18 bytes).
    Removing stm32f10x_spi.o(i.SPI_I2S_DeInit), (88 bytes).
    Removing stm32f10x_spi.o(i.SPI_I2S_GetFlagStatus), (18 bytes).
    Removing stm32f10x_spi.o(i.SPI_I2S_GetITStatus), (52 bytes).
    Removing stm32f10x_spi.o(i.SPI_I2S_ITConfig), (32 bytes).
    Removing stm32f10x_spi.o(i.SPI_I2S_ReceiveData), (6 bytes).
    Removing stm32f10x_spi.o(i.SPI_I2S_SendData), (4 bytes).
    Removing stm32f10x_spi.o(i.SPI_Init), (60 bytes).
    Removing stm32f10x_spi.o(i.SPI_NSSInternalSoftwareConfig), (30 bytes).
    Removing stm32f10x_spi.o(i.SPI_SSOutputCmd), (24 bytes).
    Removing stm32f10x_spi.o(i.SPI_StructInit), (24 bytes).
    Removing stm32f10x_spi.o(i.SPI_TransmitCRC), (10 bytes).
    Removing stm32f10x_usart.o(i.USART_ClearFlag), (18 bytes).
    Removing stm32f10x_usart.o(i.USART_ClockInit), (34 bytes).
    Removing stm32f10x_usart.o(i.USART_ClockStructInit), (12 bytes).
    Removing stm32f10x_usart.o(i.USART_DMACmd), (18 bytes).
    Removing stm32f10x_usart.o(i.USART_DeInit), (156 bytes).
    Removing stm32f10x_usart.o(i.USART_GetFlagStatus), (26 bytes).
    Removing stm32f10x_usart.o(i.USART_HalfDuplexCmd), (24 bytes).
    Removing stm32f10x_usart.o(i.USART_IrDACmd), (24 bytes).
    Removing stm32f10x_usart.o(i.USART_IrDAConfig), (18 bytes).
    Removing stm32f10x_usart.o(i.USART_LINBreakDetectLengthConfig), (18 bytes).
    Removing stm32f10x_usart.o(i.USART_LINCmd), (24 bytes).
    Removing stm32f10x_usart.o(i.USART_OneBitMethodCmd), (24 bytes).
    Removing stm32f10x_usart.o(i.USART_OverSampling8Cmd), (22 bytes).
    Removing stm32f10x_usart.o(i.USART_ReceiverWakeUpCmd), (24 bytes).
    Removing stm32f10x_usart.o(i.USART_SendBreak), (10 bytes).
    Removing stm32f10x_usart.o(i.USART_SendData), (8 bytes).
    Removing stm32f10x_usart.o(i.USART_SetAddress), (18 bytes).
    Removing stm32f10x_usart.o(i.USART_SetGuardTime), (16 bytes).
    Removing stm32f10x_usart.o(i.USART_SetPrescaler), (16 bytes).
    Removing stm32f10x_usart.o(i.USART_SmartCardCmd), (24 bytes).
    Removing stm32f10x_usart.o(i.USART_SmartCardNACKCmd), (24 bytes).
    Removing stm32f10x_usart.o(i.USART_StructInit), (24 bytes).
    Removing stm32f10x_usart.o(i.USART_WakeUpConfig), (18 bytes).
    Removing stm32f10x_wwdg.o(i.WWDG_ClearFlag), (12 bytes).
    Removing stm32f10x_wwdg.o(i.WWDG_DeInit), (22 bytes).
    Removing stm32f10x_wwdg.o(i.WWDG_Enable), (16 bytes).
    Removing stm32f10x_wwdg.o(i.WWDG_EnableIT), (12 bytes).
    Removing stm32f10x_wwdg.o(i.WWDG_GetFlagStatus), (12 bytes).
    Removing stm32f10x_wwdg.o(i.WWDG_SetCounter), (16 bytes).
    Removing stm32f10x_wwdg.o(i.WWDG_SetPrescaler), (24 bytes).
    Removing stm32f10x_wwdg.o(i.WWDG_SetWindowValue), (40 bytes).
    Removing sys.o(.emb_text), (6 bytes).
    Removing sys.o(i.INTX_DISABLE), (4 bytes).
    Removing sys.o(i.INTX_ENABLE), (4 bytes).
    Removing sys.o(i.WFI_SET), (4 bytes).
    Removing serial.o(i.Serial_GetRxFlag), (28 bytes).
    Removing serial.o(i.Serial_Pow), (20 bytes).
    Removing serial.o(i.Serial_Printf), (36 bytes).
    Removing serial.o(i.Serial_SendArray), (26 bytes).
    Removing serial.o(i.Serial_SendByte), (32 bytes).
    Removing serial.o(i.Serial_SendNumber), (58 bytes).
    Removing serial.o(i.Serial_SendString), (26 bytes).
    Removing serial.o(i.fputc), (16 bytes).
    Removing oled.o(i.Num_Digit), (72 bytes).
    Removing oled.o(i.OLED_Clear), (10 bytes).
    Removing oled.o(i.OLED_DrawBMP), (116 bytes).
    Removing oled.o(i.OLED_OFF), (22 bytes).
    Removing oled.o(i.OLED_ON), (22 bytes).
    Removing oled.o(i.OLED_ShowAngle), (184 bytes).
    Removing oled.o(i.OLED_ShowCN), (84 bytes).
    Removing oled.o(i.OLED_ShowVelocity), (356 bytes).
    Removing oled.o(i.OLED_Shownum2), (192 bytes).
    Removing oled.o(i.OLED_Shownum3), (244 bytes).
    Removing oled.o(.data), (3168 bytes).
    Removing oled_i2c.o(i.IIC_Ack), (80 bytes).
    Removing oled_i2c.o(i.IIC_NAck), (80 bytes).
    Removing oled_i2c.o(i.IIC_Read_Byte), (112 bytes).
    Removing dadd.o(.text), (334 bytes).
    Removing dmul.o(.text), (228 bytes).
    Removing ddiv.o(.text), (222 bytes).
    Removing dfixul.o(.text), (48 bytes).
    Removing cdrcmple.o(.text), (48 bytes).
    Removing depilogue.o(.text), (186 bytes).

463 unused section(s) (total 23058 bytes) removed from the image.

==============================================================================

Image Symbol Table

    Local Symbols

    Symbol Name                              Value     Ov Type        Size  Object(Section)

    ../clib/microlib/division.c              0x00000000   Number         0  uldiv.o ABSOLUTE
    ../clib/microlib/division.c              0x00000000   Number         0  uidiv.o ABSOLUTE
    ../clib/microlib/init/entry.s            0x00000000   Number         0  entry7b.o ABSOLUTE
    ../clib/microlib/init/entry.s            0x00000000   Number         0  entry8a.o ABSOLUTE
    ../clib/microlib/init/entry.s            0x00000000   Number         0  entry8b.o ABSOLUTE
    ../clib/microlib/init/entry.s            0x00000000   Number         0  entry5.o ABSOLUTE
    ../clib/microlib/init/entry.s            0x00000000   Number         0  entry9a.o ABSOLUTE
    ../clib/microlib/init/entry.s            0x00000000   Number         0  entry2.o ABSOLUTE
    ../clib/microlib/init/entry.s            0x00000000   Number         0  entry9b.o ABSOLUTE
    ../clib/microlib/init/entry.s            0x00000000   Number         0  entry10a.o ABSOLUTE
    ../clib/microlib/init/entry.s            0x00000000   Number         0  entry.o ABSOLUTE
    ../clib/microlib/init/entry.s            0x00000000   Number         0  entry10b.o ABSOLUTE
    ../clib/microlib/init/entry.s            0x00000000   Number         0  entry11a.o ABSOLUTE
    ../clib/microlib/init/entry.s            0x00000000   Number         0  entry11b.o ABSOLUTE
    ../clib/microlib/init/entry.s            0x00000000   Number         0  entry7a.o ABSOLUTE
    ../clib/microlib/longlong.c              0x00000000   Number         0  llshl.o ABSOLUTE
    ../clib/microlib/longlong.c              0x00000000   Number         0  llushr.o ABSOLUTE
    ../clib/microlib/longlong.c              0x00000000   Number         0  llsshr.o ABSOLUTE
    ../clib/microlib/printf/printf.c         0x00000000   Number         0  printfa.o ABSOLUTE
    ../clib/microlib/stdio/streams.c         0x00000000   Number         0  stdout.o ABSOLUTE
    ../clib/microlib/stubs.s                 0x00000000   Number         0  iusefp.o ABSOLUTE
    ../fplib/microlib/fpadd.c                0x00000000   Number         0  dadd.o ABSOLUTE
    ../fplib/microlib/fpadd.c                0x00000000   Number         0  fadd.o ABSOLUTE
    ../fplib/microlib/fpdiv.c                0x00000000   Number         0  ddiv.o ABSOLUTE
    ../fplib/microlib/fpepilogue.c           0x00000000   Number         0  fepilogue.o ABSOLUTE
    ../fplib/microlib/fpepilogue.c           0x00000000   Number         0  depilogue.o ABSOLUTE
    ../fplib/microlib/fpfix.c                0x00000000   Number         0  ffixi.o ABSOLUTE
    ../fplib/microlib/fpfix.c                0x00000000   Number         0  dfixul.o ABSOLUTE
    ../fplib/microlib/fpflt.c                0x00000000   Number         0  fflti.o ABSOLUTE
    ../fplib/microlib/fpmul.c                0x00000000   Number         0  fmul.o ABSOLUTE
    ../fplib/microlib/fpmul.c                0x00000000   Number         0  dmul.o ABSOLUTE
    ..\CORE\core_cm3.c                       0x00000000   Number         0  core_cm3.o ABSOLUTE
    ..\CORE\startup_stm32f10x_md.s           0x00000000   Number         0  startup_stm32f10x_md.o ABSOLUTE
    ..\ELSE\delay\delay.c                    0x00000000   Number         0  delay.o ABSOLUTE
    ..\ELSE\sys\sys.c                        0x00000000   Number         0  sys.o ABSOLUTE
    ..\ELSE\usart\Serial.c                   0x00000000   Number         0  serial.o ABSOLUTE
    ..\HARDWARE\LED\led.c                    0x00000000   Number         0  led.o ABSOLUTE
    ..\HARDWARE\MOTOR\motor.c                0x00000000   Number         0  motor.o ABSOLUTE
    ..\HARDWARE\MOTOR\timer.c                0x00000000   Number         0  timer.o ABSOLUTE
    ..\HARDWARE\OLED\oled.c                  0x00000000   Number         0  oled.o ABSOLUTE
    ..\HARDWARE\OLED\oled_i2c.c              0x00000000   Number         0  oled_i2c.o ABSOLUTE
    ..\HARDWARE\PID\pid.c                    0x00000000   Number         0  pid.o ABSOLUTE
    ..\HARDWARE\key\Key.c                    0x00000000   Number         0  key.o ABSOLUTE
    ..\STM32F10x_FWLib\src\misc.c            0x00000000   Number         0  misc.o ABSOLUTE
    ..\STM32F10x_FWLib\src\stm32f10x_adc.c   0x00000000   Number         0  stm32f10x_adc.o ABSOLUTE
    ..\STM32F10x_FWLib\src\stm32f10x_bkp.c   0x00000000   Number         0  stm32f10x_bkp.o ABSOLUTE
    ..\STM32F10x_FWLib\src\stm32f10x_can.c   0x00000000   Number         0  stm32f10x_can.o ABSOLUTE
    ..\STM32F10x_FWLib\src\stm32f10x_cec.c   0x00000000   Number         0  stm32f10x_cec.o ABSOLUTE
    ..\STM32F10x_FWLib\src\stm32f10x_crc.c   0x00000000   Number         0  stm32f10x_crc.o ABSOLUTE
    ..\STM32F10x_FWLib\src\stm32f10x_dac.c   0x00000000   Number         0  stm32f10x_dac.o ABSOLUTE
    ..\STM32F10x_FWLib\src\stm32f10x_dbgmcu.c 0x00000000   Number         0  stm32f10x_dbgmcu.o ABSOLUTE
    ..\STM32F10x_FWLib\src\stm32f10x_dma.c   0x00000000   Number         0  stm32f10x_dma.o ABSOLUTE
    ..\STM32F10x_FWLib\src\stm32f10x_exti.c  0x00000000   Number         0  stm32f10x_exti.o ABSOLUTE
    ..\STM32F10x_FWLib\src\stm32f10x_flash.c 0x00000000   Number         0  stm32f10x_flash.o ABSOLUTE
    ..\STM32F10x_FWLib\src\stm32f10x_fsmc.c  0x00000000   Number         0  stm32f10x_fsmc.o ABSOLUTE
    ..\STM32F10x_FWLib\src\stm32f10x_gpio.c  0x00000000   Number         0  stm32f10x_gpio.o ABSOLUTE
    ..\STM32F10x_FWLib\src\stm32f10x_i2c.c   0x00000000   Number         0  stm32f10x_i2c.o ABSOLUTE
    ..\STM32F10x_FWLib\src\stm32f10x_iwdg.c  0x00000000   Number         0  stm32f10x_iwdg.o ABSOLUTE
    ..\STM32F10x_FWLib\src\stm32f10x_pwr.c   0x00000000   Number         0  stm32f10x_pwr.o ABSOLUTE
    ..\STM32F10x_FWLib\src\stm32f10x_rcc.c   0x00000000   Number         0  stm32f10x_rcc.o ABSOLUTE
    ..\STM32F10x_FWLib\src\stm32f10x_rtc.c   0x00000000   Number         0  stm32f10x_rtc.o ABSOLUTE
    ..\STM32F10x_FWLib\src\stm32f10x_sdio.c  0x00000000   Number         0  stm32f10x_sdio.o ABSOLUTE
    ..\STM32F10x_FWLib\src\stm32f10x_spi.c   0x00000000   Number         0  stm32f10x_spi.o ABSOLUTE
    ..\STM32F10x_FWLib\src\stm32f10x_tim.c   0x00000000   Number         0  stm32f10x_tim.o ABSOLUTE
    ..\STM32F10x_FWLib\src\stm32f10x_usart.c 0x00000000   Number         0  stm32f10x_usart.o ABSOLUTE
    ..\STM32F10x_FWLib\src\stm32f10x_wwdg.c  0x00000000   Number         0  stm32f10x_wwdg.o ABSOLUTE
    ..\\CORE\\core_cm3.c                     0x00000000   Number         0  core_cm3.o ABSOLUTE
    ..\\ELSE\\sys\\sys.c                     0x00000000   Number         0  sys.o ABSOLUTE
    cdrcmple.s                               0x00000000   Number         0  cdrcmple.o ABSOLUTE
    cfcmple.s                                0x00000000   Number         0  cfcmple.o ABSOLUTE
    cfrcmple.s                               0x00000000   Number         0  cfrcmple.o ABSOLUTE
    dc.s                                     0x00000000   Number         0  dc.o ABSOLUTE
    handlers.s                               0x00000000   Number         0  handlers.o ABSOLUTE
    init.s                                   0x00000000   Number         0  init.o ABSOLUTE
    main.c                                   0x00000000   Number         0  main.o ABSOLUTE
    stm32f10x_it.c                           0x00000000   Number         0  stm32f10x_it.o ABSOLUTE
    system_stm32f10x.c                       0x00000000   Number         0  system_stm32f10x.o ABSOLUTE
    xunji.c                                  0x00000000   Number         0  xunji.o ABSOLUTE
    RESET                                    0x08000000   Section      236  startup_stm32f10x_md.o(RESET)
    .ARM.Collect$$$$00000000                 0x080000ec   Section        0  entry.o(.ARM.Collect$$$$00000000)
    .ARM.Collect$$$$00000001                 0x080000ec   Section        4  entry2.o(.ARM.Collect$$$$00000001)
    .ARM.Collect$$$$00000004                 0x080000f0   Section        4  entry5.o(.ARM.Collect$$$$00000004)
    .ARM.Collect$$$$00000008                 0x080000f4   Section        0  entry7b.o(.ARM.Collect$$$$00000008)
    .ARM.Collect$$$$0000000A                 0x080000f4   Section        0  entry8b.o(.ARM.Collect$$$$0000000A)
    .ARM.Collect$$$$0000000B                 0x080000f4   Section        8  entry9a.o(.ARM.Collect$$$$0000000B)
    .ARM.Collect$$$$0000000D                 0x080000fc   Section        0  entry10a.o(.ARM.Collect$$$$0000000D)
    .ARM.Collect$$$$0000000F                 0x080000fc   Section        0  entry11a.o(.ARM.Collect$$$$0000000F)
    .ARM.Collect$$$$00002712                 0x080000fc   Section        4  entry2.o(.ARM.Collect$$$$00002712)
    __lit__00000000                          0x080000fc   Data           4  entry2.o(.ARM.Collect$$$$00002712)
    .text                                    0x08000100   Section       36  startup_stm32f10x_md.o(.text)
    .text                                    0x08000124   Section        0  fadd.o(.text)
    .text                                    0x080001d4   Section        0  fmul.o(.text)
    .text                                    0x08000238   Section        0  fflti.o(.text)
    .text                                    0x0800024a   Section        0  ffixi.o(.text)
    .text                                    0x0800027c   Section       20  cfcmple.o(.text)
    .text                                    0x08000290   Section       20  cfrcmple.o(.text)
    .text                                    0x080002a4   Section        0  iusefp.o(.text)
    .text                                    0x080002a4   Section        0  fepilogue.o(.text)
    .text                                    0x08000314   Section       36  init.o(.text)
    i.BusFault_Handler                       0x08000338   Section        0  stm32f10x_it.o(i.BusFault_Handler)
    i.DebugMon_Handler                       0x0800033c   Section        0  stm32f10x_it.o(i.DebugMon_Handler)
    i.GPIO_Init                              0x0800033e   Section        0  stm32f10x_gpio.o(i.GPIO_Init)
    i.GPIO_PinRemapConfig                    0x08000454   Section        0  stm32f10x_gpio.o(i.GPIO_PinRemapConfig)
    i.GPIO_ReadInputDataBit                  0x080004e4   Section        0  stm32f10x_gpio.o(i.GPIO_ReadInputDataBit)
    i.GPIO_ResetBits                         0x080004f6   Section        0  stm32f10x_gpio.o(i.GPIO_ResetBits)
    i.GPIO_SetBits                           0x080004fa   Section        0  stm32f10x_gpio.o(i.GPIO_SetBits)
    i.HardFault_Handler                      0x080004fe   Section        0  stm32f10x_it.o(i.HardFault_Handler)
    i.IIC_Init                               0x08000504   Section        0  oled_i2c.o(i.IIC_Init)
    i.IIC_Send_Byte                          0x0800054c   Section        0  oled_i2c.o(i.IIC_Send_Byte)
    i.IIC_Start                              0x080005b4   Section        0  oled_i2c.o(i.IIC_Start)
    i.IIC_Stop                               0x08000600   Section        0  oled_i2c.o(i.IIC_Stop)
    i.IIC_Wait_Ack                           0x0800064c   Section        0  oled_i2c.o(i.IIC_Wait_Ack)
    i.K210_deal                              0x080006b0   Section        0  main.o(i.K210_deal)
    i.Key                                    0x080006e4   Section        0  main.o(i.Key)
    i.Key_GetNum                             0x0800079c   Section        0  key.o(i.Key_GetNum)
    i.Key_Init                               0x080007d4   Section        0  key.o(i.Key_Init)
    i.LED_Init                               0x08000828   Section        0  led.o(i.LED_Init)
    i.MemManage_Handler                      0x0800085c   Section        0  stm32f10x_it.o(i.MemManage_Handler)
    i.NMI_Handler                            0x08000860   Section        0  stm32f10x_it.o(i.NMI_Handler)
    i.NVIC_Init                              0x08000864   Section        0  misc.o(i.NVIC_Init)
    i.NVIC_PriorityGroupConfig               0x080008d4   Section        0  misc.o(i.NVIC_PriorityGroupConfig)
    i.OLED_Command                           0x080008e8   Section        0  oled.o(i.OLED_Command)
    i.OLED_Data                              0x08000934   Section        0  oled.o(i.OLED_Data)
    i.OLED_Fill                              0x08000980   Section        0  oled.o(i.OLED_Fill)
    i.OLED_Init                              0x080009ba   Section        0  oled.o(i.OLED_Init)
    i.OLED_SetPos                            0x08000a76   Section        0  oled.o(i.OLED_SetPos)
    i.OLED_ShowNum                           0x08000aa0   Section        0  oled.o(i.OLED_ShowNum)
    i.OLED_ShowPWM                           0x08000bc0   Section        0  oled.o(i.OLED_ShowPWM)
    i.OLED_ShowSNum                          0x08000c10   Section        0  oled.o(i.OLED_ShowSNum)
    i.OLED_ShowStr                           0x08000d10   Section        0  oled.o(i.OLED_ShowStr)
    i.OLED_ShowTrace                         0x08000dfc   Section        0  oled.o(i.OLED_ShowTrace)
    i.OLED_Shownum1                          0x08000e54   Section        0  oled.o(i.OLED_Shownum1)
    i.Oled_disp                              0x08000f24   Section        0  main.o(i.Oled_disp)
    i.PendSV_Handler                         0x08000ff4   Section        0  stm32f10x_it.o(i.PendSV_Handler)
    i.RCC_APB1PeriphClockCmd                 0x08000ff8   Section        0  stm32f10x_rcc.o(i.RCC_APB1PeriphClockCmd)
    i.RCC_APB2PeriphClockCmd                 0x08001018   Section        0  stm32f10x_rcc.o(i.RCC_APB2PeriphClockCmd)
    i.RCC_GetClocksFreq                      0x08001038   Section        0  stm32f10x_rcc.o(i.RCC_GetClocksFreq)
    i.Read_Xunji                             0x0800110c   Section        0  xunji.o(i.Read_Xunji)
    i.SVC_Handler                            0x08001128   Section        0  stm32f10x_it.o(i.SVC_Handler)
    i.Serial_Init                            0x0800112c   Section        0  serial.o(i.Serial_Init)
    i.SetSysClock                            0x080011e0   Section        0  system_stm32f10x.o(i.SetSysClock)
    SetSysClock                              0x080011e1   Thumb Code     8  system_stm32f10x.o(i.SetSysClock)
    i.SetSysClockTo72                        0x080011e8   Section        0  system_stm32f10x.o(i.SetSysClockTo72)
    SetSysClockTo72                          0x080011e9   Thumb Code   214  system_stm32f10x.o(i.SetSysClockTo72)
    i.Set_PWM_left                           0x080012c8   Section        0  motor.o(i.Set_PWM_left)
    i.Set_PWM_right                          0x08001314   Section        0  motor.o(i.Set_PWM_right)
    i.SysTick_CLKSourceConfig                0x08001360   Section        0  misc.o(i.SysTick_CLKSourceConfig)
    i.SysTick_Handler                        0x08001388   Section        0  stm32f10x_it.o(i.SysTick_Handler)
    i.SystemInit                             0x0800138c   Section        0  system_stm32f10x.o(i.SystemInit)
    i.TI1_Config                             0x080013ec   Section        0  stm32f10x_tim.o(i.TI1_Config)
    TI1_Config                               0x080013ed   Thumb Code   108  stm32f10x_tim.o(i.TI1_Config)
    i.TI2_Config                             0x0800146c   Section        0  stm32f10x_tim.o(i.TI2_Config)
    TI2_Config                               0x0800146d   Thumb Code   130  stm32f10x_tim.o(i.TI2_Config)
    i.TI3_Config                             0x08001504   Section        0  stm32f10x_tim.o(i.TI3_Config)
    TI3_Config                               0x08001505   Thumb Code   122  stm32f10x_tim.o(i.TI3_Config)
    i.TI4_Config                             0x08001594   Section        0  stm32f10x_tim.o(i.TI4_Config)
    TI4_Config                               0x08001595   Thumb Code   130  stm32f10x_tim.o(i.TI4_Config)
    i.TIM1_PWM_Init                          0x0800162c   Section        0  timer.o(i.TIM1_PWM_Init)
    i.TIM1_UP_IRQHandler                     0x08001714   Section        0  main.o(i.TIM1_UP_IRQHandler)
    i.TIM2_IRQHandler                        0x08001954   Section        0  timer.o(i.TIM2_IRQHandler)
    i.TIM2_encoder_init                      0x0800196c   Section        0  timer.o(i.TIM2_encoder_init)
    i.TIM3_IRQHandler                        0x08001a00   Section        0  timer.o(i.TIM3_IRQHandler)
    i.TIM3_encoder_init                      0x08001a1c   Section        0  timer.o(i.TIM3_encoder_init)
    i.TIM_ClearFlag                          0x08001ab0   Section        0  stm32f10x_tim.o(i.TIM_ClearFlag)
    i.TIM_ClearITPendingBit                  0x08001ab6   Section        0  stm32f10x_tim.o(i.TIM_ClearITPendingBit)
    i.TIM_Cmd                                0x08001abc   Section        0  stm32f10x_tim.o(i.TIM_Cmd)
    i.TIM_CtrlPWMOutputs                     0x08001ad4   Section        0  stm32f10x_tim.o(i.TIM_CtrlPWMOutputs)
    i.TIM_EncoderInterfaceConfig             0x08001af2   Section        0  stm32f10x_tim.o(i.TIM_EncoderInterfaceConfig)
    i.TIM_GetCounter                         0x08001b34   Section        0  stm32f10x_tim.o(i.TIM_GetCounter)
    i.TIM_GetITStatus                        0x08001b3a   Section        0  stm32f10x_tim.o(i.TIM_GetITStatus)
    i.TIM_ICInit                             0x08001b5c   Section        0  stm32f10x_tim.o(i.TIM_ICInit)
    i.TIM_ICStructInit                       0x08001c08   Section        0  stm32f10x_tim.o(i.TIM_ICStructInit)
    i.TIM_ITConfig                           0x08001c1a   Section        0  stm32f10x_tim.o(i.TIM_ITConfig)
    i.TIM_OC1Init                            0x08001c2c   Section        0  stm32f10x_tim.o(i.TIM_OC1Init)
    i.TIM_OC1PreloadConfig                   0x08001cc4   Section        0  stm32f10x_tim.o(i.TIM_OC1PreloadConfig)
    i.TIM_OC4Init                            0x08001cd8   Section        0  stm32f10x_tim.o(i.TIM_OC4Init)
    i.TIM_OC4PreloadConfig                   0x08001d54   Section        0  stm32f10x_tim.o(i.TIM_OC4PreloadConfig)
    i.TIM_SetCompare1                        0x08001d6e   Section        0  stm32f10x_tim.o(i.TIM_SetCompare1)
    i.TIM_SetCompare4                        0x08001d72   Section        0  stm32f10x_tim.o(i.TIM_SetCompare4)
    i.TIM_SetCounter                         0x08001d78   Section        0  stm32f10x_tim.o(i.TIM_SetCounter)
    i.TIM_SetIC1Prescaler                    0x08001d7c   Section        0  stm32f10x_tim.o(i.TIM_SetIC1Prescaler)
    i.TIM_SetIC2Prescaler                    0x08001d8e   Section        0  stm32f10x_tim.o(i.TIM_SetIC2Prescaler)
    i.TIM_SetIC3Prescaler                    0x08001da8   Section        0  stm32f10x_tim.o(i.TIM_SetIC3Prescaler)
    i.TIM_SetIC4Prescaler                    0x08001dba   Section        0  stm32f10x_tim.o(i.TIM_SetIC4Prescaler)
    i.TIM_TimeBaseInit                       0x08001dd4   Section        0  stm32f10x_tim.o(i.TIM_TimeBaseInit)
    i.TIM_TimeBaseStructInit                 0x08001e78   Section        0  stm32f10x_tim.o(i.TIM_TimeBaseStructInit)
    i.USART2_IRQHandler                      0x08001e8c   Section        0  serial.o(i.USART2_IRQHandler)
    i.USART_ClearITPendingBit                0x08001f30   Section        0  stm32f10x_usart.o(i.USART_ClearITPendingBit)
    i.USART_Cmd                              0x08001f4e   Section        0  stm32f10x_usart.o(i.USART_Cmd)
    i.USART_GetITStatus                      0x08001f66   Section        0  stm32f10x_usart.o(i.USART_GetITStatus)
    i.USART_ITConfig                         0x08001fba   Section        0  stm32f10x_usart.o(i.USART_ITConfig)
    i.USART_Init                             0x08002004   Section        0  stm32f10x_usart.o(i.USART_Init)
    i.USART_ReceiveData                      0x080020dc   Section        0  stm32f10x_usart.o(i.USART_ReceiveData)
    i.UsageFault_Handler                     0x080020e6   Section        0  stm32f10x_it.o(i.UsageFault_Handler)
    i.Xunji                                  0x080020ec   Section        0  main.o(i.Xunji)
    i.Xunji_Init                             0x080023dc   Section        0  xunji.o(i.Xunji_Init)
    i.__scatterload_copy                     0x08002408   Section       14  handlers.o(i.__scatterload_copy)
    i.__scatterload_null                     0x08002416   Section        2  handlers.o(i.__scatterload_null)
    i.__scatterload_zeroinit                 0x08002418   Section       14  handlers.o(i.__scatterload_zeroinit)
    i.delay_init                             0x08002428   Section        0  delay.o(i.delay_init)
    i.delay_ms                               0x0800246c   Section        0  delay.o(i.delay_ms)
    i.delay_us                               0x080024b8   Section        0  delay.o(i.delay_us)
    i.i_pid_l                                0x08002504   Section        0  pid.o(i.i_pid_l)
    i.i_pid_r                                0x080025d8   Section        0  pid.o(i.i_pid_r)
    i.left_negative                          0x080026ac   Section        0  motor.o(i.left_negative)
    i.left_positive                          0x080026c8   Section        0  motor.o(i.left_positive)
    i.limit                                  0x080026e4   Section        0  pid.o(i.limit)
    i.main                                   0x0800270c   Section        0  main.o(i.main)
    i.motor_gpio_init                        0x080028a4   Section        0  motor.o(i.motor_gpio_init)
    i.motor_init                             0x080028ec   Section        0  motor.o(i.motor_init)
    i.myabs                                  0x08002906   Section        0  pid.o(i.myabs)
    i.openmv_data_test                       0x08002914   Section        0  serial.o(i.openmv_data_test)
    i.p_pid_l                                0x08002938   Section        0  pid.o(i.p_pid_l)
    i.p_pid_r                                0x080029f0   Section        0  pid.o(i.p_pid_r)
    i.pwm_control                            0x08002aa8   Section        0  pid.o(i.pwm_control)
    i.read_encoder2                          0x08002ad4   Section        0  motor.o(i.read_encoder2)
    i.read_encoder3                          0x08002af0   Section        0  motor.o(i.read_encoder3)
    i.right_negative                         0x08002b0c   Section        0  motor.o(i.right_negative)
    i.right_positive                         0x08002b28   Section        0  motor.o(i.right_positive)
    .constdata                               0x08002b44   Section     2072  oled.o(.constdata)
    .data                                    0x20000000   Section       66  main.o(.data)
    .data                                    0x20000044   Section       20  system_stm32f10x.o(.data)
    .data                                    0x20000058   Section       20  stm32f10x_rcc.o(.data)
    APBAHBPrescTable                         0x20000058   Data          16  stm32f10x_rcc.o(.data)
    ADCPrescTable                            0x20000068   Data           4  stm32f10x_rcc.o(.data)
    .data                                    0x2000006c   Section        4  delay.o(.data)
    fac_us                                   0x2000006c   Data           1  delay.o(.data)
    fac_ms                                   0x2000006e   Data           2  delay.o(.data)
    .data                                    0x20000070   Section        6  serial.o(.data)
    RxState                                  0x20000075   Data           1  serial.o(.data)
    .data                                    0x20000076   Section        2  motor.o(.data)
    .data                                    0x20000078   Section      120  pid.o(.data)
    .bss                                     0x200000f0   Section       10  serial.o(.bss)
    STACK                                    0x20000100   Section     1024  startup_stm32f10x_md.o(STACK)

    Global Symbols

    Symbol Name                              Value     Ov Type        Size  Object(Section)

    BuildAttributes$$THM_ISAv4$P$D$K$B$S$PE$A:L22UL41UL21$X:L11$S22US41US21$IEEE1$IW$USESV6$~STKCKD$USESV7$~SHL$OTIME$ROPI$EBA8$MICROLIB$REQ8$PRES8$EABIv2 0x00000000   Number         0  anon$$obj.o ABSOLUTE
    __ARM_use_no_argv                        0x00000000   Number         0  main.o ABSOLUTE
    __cpp_initialize__aeabi_                  - Undefined Weak Reference
    __cxa_finalize                            - Undefined Weak Reference
    __decompress                              - Undefined Weak Reference
    _clock_init                               - Undefined Weak Reference
    _microlib_exit                            - Undefined Weak Reference
    __Vectors_Size                           0x000000ec   Number         0  startup_stm32f10x_md.o ABSOLUTE
    __Vectors                                0x08000000   Data           4  startup_stm32f10x_md.o(RESET)
    __Vectors_End                            0x080000ec   Data           0  startup_stm32f10x_md.o(RESET)
    __main                                   0x080000ed   Thumb Code     0  entry.o(.ARM.Collect$$$$00000000)
    _main_stk                                0x080000ed   Thumb Code     0  entry2.o(.ARM.Collect$$$$00000001)
    _main_scatterload                        0x080000f1   Thumb Code     0  entry5.o(.ARM.Collect$$$$00000004)
    __main_after_scatterload                 0x080000f5   Thumb Code     0  entry5.o(.ARM.Collect$$$$00000004)
    _main_clock                              0x080000f5   Thumb Code     0  entry7b.o(.ARM.Collect$$$$00000008)
    _main_cpp_init                           0x080000f5   Thumb Code     0  entry8b.o(.ARM.Collect$$$$0000000A)
    _main_init                               0x080000f5   Thumb Code     0  entry9a.o(.ARM.Collect$$$$0000000B)
    __rt_final_cpp                           0x080000fd   Thumb Code     0  entry10a.o(.ARM.Collect$$$$0000000D)
    __rt_final_exit                          0x080000fd   Thumb Code     0  entry11a.o(.ARM.Collect$$$$0000000F)
    Reset_Handler                            0x08000101   Thumb Code     8  startup_stm32f10x_md.o(.text)
    ADC1_2_IRQHandler                        0x0800011b   Thumb Code     0  startup_stm32f10x_md.o(.text)
    CAN1_RX1_IRQHandler                      0x0800011b   Thumb Code     0  startup_stm32f10x_md.o(.text)
    CAN1_SCE_IRQHandler                      0x0800011b   Thumb Code     0  startup_stm32f10x_md.o(.text)
    DMA1_Channel1_IRQHandler                 0x0800011b   Thumb Code     0  startup_stm32f10x_md.o(.text)
    DMA1_Channel2_IRQHandler                 0x0800011b   Thumb Code     0  startup_stm32f10x_md.o(.text)
    DMA1_Channel3_IRQHandler                 0x0800011b   Thumb Code     0  startup_stm32f10x_md.o(.text)
    DMA1_Channel4_IRQHandler                 0x0800011b   Thumb Code     0  startup_stm32f10x_md.o(.text)
    DMA1_Channel5_IRQHandler                 0x0800011b   Thumb Code     0  startup_stm32f10x_md.o(.text)
    DMA1_Channel6_IRQHandler                 0x0800011b   Thumb Code     0  startup_stm32f10x_md.o(.text)
    DMA1_Channel7_IRQHandler                 0x0800011b   Thumb Code     0  startup_stm32f10x_md.o(.text)
    EXTI0_IRQHandler                         0x0800011b   Thumb Code     0  startup_stm32f10x_md.o(.text)
    EXTI15_10_IRQHandler                     0x0800011b   Thumb Code     0  startup_stm32f10x_md.o(.text)
    EXTI1_IRQHandler                         0x0800011b   Thumb Code     0  startup_stm32f10x_md.o(.text)
    EXTI2_IRQHandler                         0x0800011b   Thumb Code     0  startup_stm32f10x_md.o(.text)
    EXTI3_IRQHandler                         0x0800011b   Thumb Code     0  startup_stm32f10x_md.o(.text)
    EXTI4_IRQHandler                         0x0800011b   Thumb Code     0  startup_stm32f10x_md.o(.text)
    EXTI9_5_IRQHandler                       0x0800011b   Thumb Code     0  startup_stm32f10x_md.o(.text)
    FLASH_IRQHandler                         0x0800011b   Thumb Code     0  startup_stm32f10x_md.o(.text)
    I2C1_ER_IRQHandler                       0x0800011b   Thumb Code     0  startup_stm32f10x_md.o(.text)
    I2C1_EV_IRQHandler                       0x0800011b   Thumb Code     0  startup_stm32f10x_md.o(.text)
    I2C2_ER_IRQHandler                       0x0800011b   Thumb Code     0  startup_stm32f10x_md.o(.text)
    I2C2_EV_IRQHandler                       0x0800011b   Thumb Code     0  startup_stm32f10x_md.o(.text)
    PVD_IRQHandler                           0x0800011b   Thumb Code     0  startup_stm32f10x_md.o(.text)
    RCC_IRQHandler                           0x0800011b   Thumb Code     0  startup_stm32f10x_md.o(.text)
    RTCAlarm_IRQHandler                      0x0800011b   Thumb Code     0  startup_stm32f10x_md.o(.text)
    RTC_IRQHandler                           0x0800011b   Thumb Code     0  startup_stm32f10x_md.o(.text)
    SPI1_IRQHandler                          0x0800011b   Thumb Code     0  startup_stm32f10x_md.o(.text)
    SPI2_IRQHandler                          0x0800011b   Thumb Code     0  startup_stm32f10x_md.o(.text)
    TAMPER_IRQHandler                        0x0800011b   Thumb Code     0  startup_stm32f10x_md.o(.text)
    TIM1_BRK_IRQHandler                      0x0800011b   Thumb Code     0  startup_stm32f10x_md.o(.text)
    TIM1_CC_IRQHandler                       0x0800011b   Thumb Code     0  startup_stm32f10x_md.o(.text)
    TIM1_TRG_COM_IRQHandler                  0x0800011b   Thumb Code     0  startup_stm32f10x_md.o(.text)
    TIM4_IRQHandler                          0x0800011b   Thumb Code     0  startup_stm32f10x_md.o(.text)
    USART1_IRQHandler                        0x0800011b   Thumb Code     0  startup_stm32f10x_md.o(.text)
    USART3_IRQHandler                        0x0800011b   Thumb Code     0  startup_stm32f10x_md.o(.text)
    USBWakeUp_IRQHandler                     0x0800011b   Thumb Code     0  startup_stm32f10x_md.o(.text)
    USB_HP_CAN1_TX_IRQHandler                0x0800011b   Thumb Code     0  startup_stm32f10x_md.o(.text)
    USB_LP_CAN1_RX0_IRQHandler               0x0800011b   Thumb Code     0  startup_stm32f10x_md.o(.text)
    WWDG_IRQHandler                          0x0800011b   Thumb Code     0  startup_stm32f10x_md.o(.text)
    __aeabi_fadd                             0x08000125   Thumb Code   164  fadd.o(.text)
    __aeabi_fsub                             0x080001c9   Thumb Code     6  fadd.o(.text)
    __aeabi_frsub                            0x080001cf   Thumb Code     6  fadd.o(.text)
    __aeabi_fmul                             0x080001d5   Thumb Code   100  fmul.o(.text)
    __aeabi_i2f                              0x08000239   Thumb Code    18  fflti.o(.text)
    __aeabi_f2iz                             0x0800024b   Thumb Code    50  ffixi.o(.text)
    __aeabi_cfcmpeq                          0x0800027d   Thumb Code     0  cfcmple.o(.text)
    __aeabi_cfcmple                          0x0800027d   Thumb Code    20  cfcmple.o(.text)
    __aeabi_cfrcmple                         0x08000291   Thumb Code    20  cfrcmple.o(.text)
    __I$use$fp                               0x080002a5   Thumb Code     0  iusefp.o(.text)
    _float_round                             0x080002a5   Thumb Code    18  fepilogue.o(.text)
    _float_epilogue                          0x080002b7   Thumb Code    92  fepilogue.o(.text)
    __scatterload                            0x08000315   Thumb Code    28  init.o(.text)
    __scatterload_rt2                        0x08000315   Thumb Code     0  init.o(.text)
    BusFault_Handler                         0x08000339   Thumb Code     4  stm32f10x_it.o(i.BusFault_Handler)
    DebugMon_Handler                         0x0800033d   Thumb Code     2  stm32f10x_it.o(i.DebugMon_Handler)
    GPIO_Init                                0x0800033f   Thumb Code   278  stm32f10x_gpio.o(i.GPIO_Init)
    GPIO_PinRemapConfig                      0x08000455   Thumb Code   138  stm32f10x_gpio.o(i.GPIO_PinRemapConfig)
    GPIO_ReadInputDataBit                    0x080004e5   Thumb Code    18  stm32f10x_gpio.o(i.GPIO_ReadInputDataBit)
    GPIO_ResetBits                           0x080004f7   Thumb Code     4  stm32f10x_gpio.o(i.GPIO_ResetBits)
    GPIO_SetBits                             0x080004fb   Thumb Code     4  stm32f10x_gpio.o(i.GPIO_SetBits)
    HardFault_Handler                        0x080004ff   Thumb Code     4  stm32f10x_it.o(i.HardFault_Handler)
    IIC_Init                                 0x08000505   Thumb Code    62  oled_i2c.o(i.IIC_Init)
    IIC_Send_Byte                            0x0800054d   Thumb Code    90  oled_i2c.o(i.IIC_Send_Byte)
    IIC_Start                                0x080005b5   Thumb Code    64  oled_i2c.o(i.IIC_Start)
    IIC_Stop                                 0x08000601   Thumb Code    62  oled_i2c.o(i.IIC_Stop)
    IIC_Wait_Ack                             0x0800064d   Thumb Code    86  oled_i2c.o(i.IIC_Wait_Ack)
    K210_deal                                0x080006b1   Thumb Code    44  main.o(i.K210_deal)
    Key                                      0x080006e5   Thumb Code   152  main.o(i.Key)
    Key_GetNum                               0x0800079d   Thumb Code    46  key.o(i.Key_GetNum)
    Key_Init                                 0x080007d5   Thumb Code    74  key.o(i.Key_Init)
    LED_Init                                 0x08000829   Thumb Code    46  led.o(i.LED_Init)
    MemManage_Handler                        0x0800085d   Thumb Code     4  stm32f10x_it.o(i.MemManage_Handler)
    NMI_Handler                              0x08000861   Thumb Code     2  stm32f10x_it.o(i.NMI_Handler)
    NVIC_Init                                0x08000865   Thumb Code   100  misc.o(i.NVIC_Init)
    NVIC_PriorityGroupConfig                 0x080008d5   Thumb Code    10  misc.o(i.NVIC_PriorityGroupConfig)
    OLED_Command                             0x080008e9   Thumb Code    76  oled.o(i.OLED_Command)
    OLED_Data                                0x08000935   Thumb Code    76  oled.o(i.OLED_Data)
    OLED_Fill                                0x08000981   Thumb Code    58  oled.o(i.OLED_Fill)
    OLED_Init                                0x080009bb   Thumb Code   188  oled.o(i.OLED_Init)
    OLED_SetPos                              0x08000a77   Thumb Code    40  oled.o(i.OLED_SetPos)
    OLED_ShowNum                             0x08000aa1   Thumb Code   280  oled.o(i.OLED_ShowNum)
    OLED_ShowPWM                             0x08000bc1   Thumb Code    62  oled.o(i.OLED_ShowPWM)
    OLED_ShowSNum                            0x08000c11   Thumb Code   246  oled.o(i.OLED_ShowSNum)
    OLED_ShowStr                             0x08000d11   Thumb Code   228  oled.o(i.OLED_ShowStr)
    OLED_ShowTrace                           0x08000dfd   Thumb Code    78  oled.o(i.OLED_ShowTrace)
    OLED_Shownum1                            0x08000e55   Thumb Code   206  oled.o(i.OLED_Shownum1)
    Oled_disp                                0x08000f25   Thumb Code   152  main.o(i.Oled_disp)
    PendSV_Handler                           0x08000ff5   Thumb Code     2  stm32f10x_it.o(i.PendSV_Handler)
    RCC_APB1PeriphClockCmd                   0x08000ff9   Thumb Code    26  stm32f10x_rcc.o(i.RCC_APB1PeriphClockCmd)
    RCC_APB2PeriphClockCmd                   0x08001019   Thumb Code    26  stm32f10x_rcc.o(i.RCC_APB2PeriphClockCmd)
    RCC_GetClocksFreq                        0x08001039   Thumb Code   192  stm32f10x_rcc.o(i.RCC_GetClocksFreq)
    Read_Xunji                               0x0800110d   Thumb Code    24  xunji.o(i.Read_Xunji)
    SVC_Handler                              0x08001129   Thumb Code     2  stm32f10x_it.o(i.SVC_Handler)
    Serial_Init                              0x0800112d   Thumb Code   170  serial.o(i.Serial_Init)
    Set_PWM_left                             0x080012c9   Thumb Code    64  motor.o(i.Set_PWM_left)
    Set_PWM_right                            0x08001315   Thumb Code    64  motor.o(i.Set_PWM_right)
    SysTick_CLKSourceConfig                  0x08001361   Thumb Code    40  misc.o(i.SysTick_CLKSourceConfig)
    SysTick_Handler                          0x08001389   Thumb Code     2  stm32f10x_it.o(i.SysTick_Handler)
    SystemInit                               0x0800138d   Thumb Code    78  system_stm32f10x.o(i.SystemInit)
    TIM1_PWM_Init                            0x0800162d   Thumb Code   222  timer.o(i.TIM1_PWM_Init)
    TIM1_UP_IRQHandler                       0x08001715   Thumb Code   498  main.o(i.TIM1_UP_IRQHandler)
    TIM2_IRQHandler                          0x08001955   Thumb Code    22  timer.o(i.TIM2_IRQHandler)
    TIM2_encoder_init                        0x0800196d   Thumb Code   144  timer.o(i.TIM2_encoder_init)
    TIM3_IRQHandler                          0x08001a01   Thumb Code    22  timer.o(i.TIM3_IRQHandler)
    TIM3_encoder_init                        0x08001a1d   Thumb Code   140  timer.o(i.TIM3_encoder_init)
    TIM_ClearFlag                            0x08001ab1   Thumb Code     6  stm32f10x_tim.o(i.TIM_ClearFlag)
    TIM_ClearITPendingBit                    0x08001ab7   Thumb Code     6  stm32f10x_tim.o(i.TIM_ClearITPendingBit)
    TIM_Cmd                                  0x08001abd   Thumb Code    24  stm32f10x_tim.o(i.TIM_Cmd)
    TIM_CtrlPWMOutputs                       0x08001ad5   Thumb Code    30  stm32f10x_tim.o(i.TIM_CtrlPWMOutputs)
    TIM_EncoderInterfaceConfig               0x08001af3   Thumb Code    66  stm32f10x_tim.o(i.TIM_EncoderInterfaceConfig)
    TIM_GetCounter                           0x08001b35   Thumb Code     6  stm32f10x_tim.o(i.TIM_GetCounter)
    TIM_GetITStatus                          0x08001b3b   Thumb Code    34  stm32f10x_tim.o(i.TIM_GetITStatus)
    TIM_ICInit                               0x08001b5d   Thumb Code   150  stm32f10x_tim.o(i.TIM_ICInit)
    TIM_ICStructInit                         0x08001c09   Thumb Code    18  stm32f10x_tim.o(i.TIM_ICStructInit)
    TIM_ITConfig                             0x08001c1b   Thumb Code    18  stm32f10x_tim.o(i.TIM_ITConfig)
    TIM_OC1Init                              0x08001c2d   Thumb Code   132  stm32f10x_tim.o(i.TIM_OC1Init)
    TIM_OC1PreloadConfig                     0x08001cc5   Thumb Code    18  stm32f10x_tim.o(i.TIM_OC1PreloadConfig)
    TIM_OC4Init                              0x08001cd9   Thumb Code   114  stm32f10x_tim.o(i.TIM_OC4Init)
    TIM_OC4PreloadConfig                     0x08001d55   Thumb Code    26  stm32f10x_tim.o(i.TIM_OC4PreloadConfig)
    TIM_SetCompare1                          0x08001d6f   Thumb Code     4  stm32f10x_tim.o(i.TIM_SetCompare1)
    TIM_SetCompare4                          0x08001d73   Thumb Code     6  stm32f10x_tim.o(i.TIM_SetCompare4)
    TIM_SetCounter                           0x08001d79   Thumb Code     4  stm32f10x_tim.o(i.TIM_SetCounter)
    TIM_SetIC1Prescaler                      0x08001d7d   Thumb Code    18  stm32f10x_tim.o(i.TIM_SetIC1Prescaler)
    TIM_SetIC2Prescaler                      0x08001d8f   Thumb Code    26  stm32f10x_tim.o(i.TIM_SetIC2Prescaler)
    TIM_SetIC3Prescaler                      0x08001da9   Thumb Code    18  stm32f10x_tim.o(i.TIM_SetIC3Prescaler)
    TIM_SetIC4Prescaler                      0x08001dbb   Thumb Code    26  stm32f10x_tim.o(i.TIM_SetIC4Prescaler)
    TIM_TimeBaseInit                         0x08001dd5   Thumb Code   122  stm32f10x_tim.o(i.TIM_TimeBaseInit)
    TIM_TimeBaseStructInit                   0x08001e79   Thumb Code    18  stm32f10x_tim.o(i.TIM_TimeBaseStructInit)
    USART2_IRQHandler                        0x08001e8d   Thumb Code   148  serial.o(i.USART2_IRQHandler)
    USART_ClearITPendingBit                  0x08001f31   Thumb Code    30  stm32f10x_usart.o(i.USART_ClearITPendingBit)
    USART_Cmd                                0x08001f4f   Thumb Code    24  stm32f10x_usart.o(i.USART_Cmd)
    USART_GetITStatus                        0x08001f67   Thumb Code    84  stm32f10x_usart.o(i.USART_GetITStatus)
    USART_ITConfig                           0x08001fbb   Thumb Code    74  stm32f10x_usart.o(i.USART_ITConfig)
    USART_Init                               0x08002005   Thumb Code   210  stm32f10x_usart.o(i.USART_Init)
    USART_ReceiveData                        0x080020dd   Thumb Code    10  stm32f10x_usart.o(i.USART_ReceiveData)
    UsageFault_Handler                       0x080020e7   Thumb Code     4  stm32f10x_it.o(i.UsageFault_Handler)
    Xunji                                    0x080020ed   Thumb Code   676  main.o(i.Xunji)
    Xunji_Init                               0x080023dd   Thumb Code    40  xunji.o(i.Xunji_Init)
    __scatterload_copy                       0x08002409   Thumb Code    14  handlers.o(i.__scatterload_copy)
    __scatterload_null                       0x08002417   Thumb Code     2  handlers.o(i.__scatterload_null)
    __scatterload_zeroinit                   0x08002419   Thumb Code    14  handlers.o(i.__scatterload_zeroinit)
    delay_init                               0x08002429   Thumb Code    50  delay.o(i.delay_init)
    delay_ms                                 0x0800246d   Thumb Code    72  delay.o(i.delay_ms)
    delay_us                                 0x080024b9   Thumb Code    72  delay.o(i.delay_us)
    i_pid_l                                  0x08002505   Thumb Code   178  pid.o(i.i_pid_l)
    i_pid_r                                  0x080025d9   Thumb Code   178  pid.o(i.i_pid_r)
    left_negative                            0x080026ad   Thumb Code    24  motor.o(i.left_negative)
    left_positive                            0x080026c9   Thumb Code    24  motor.o(i.left_positive)
    limit                                    0x080026e5   Thumb Code    40  pid.o(i.limit)
    main                                     0x0800270d   Thumb Code   354  main.o(i.main)
    motor_gpio_init                          0x080028a5   Thumb Code    68  motor.o(i.motor_gpio_init)
    motor_init                               0x080028ed   Thumb Code    26  motor.o(i.motor_init)
    myabs                                    0x08002907   Thumb Code    14  pid.o(i.myabs)
    openmv_data_test                         0x08002915   Thumb Code    36  serial.o(i.openmv_data_test)
    p_pid_l                                  0x08002939   Thumb Code   150  pid.o(i.p_pid_l)
    p_pid_r                                  0x080029f1   Thumb Code   150  pid.o(i.p_pid_r)
    pwm_control                              0x08002aa9   Thumb Code    34  pid.o(i.pwm_control)
    read_encoder2                            0x08002ad5   Thumb Code    26  motor.o(i.read_encoder2)
    read_encoder3                            0x08002af1   Thumb Code    22  motor.o(i.read_encoder3)
    right_negative                           0x08002b0d   Thumb Code    24  motor.o(i.right_negative)
    right_positive                           0x08002b29   Thumb Code    24  motor.o(i.right_positive)
    F6x8                                     0x08002b44   Data         552  oled.o(.constdata)
    F8X16                                    0x08002d6c   Data        1520  oled.o(.constdata)
    Region$$Table$$Base                      0x0800335c   Number         0  anon$$obj.o(Region$$Table)
    Region$$Table$$Limit                     0x0800337c   Number         0  anon$$obj.o(Region$$Table)
    now_speed_left                           0x20000000   Data           4  main.o(.data)
    now_speed_right                          0x20000004   Data           4  main.o(.data)
    pwm_left                                 0x20000008   Data           4  main.o(.data)
    pwm_right                                0x2000000c   Data           4  main.o(.data)
    tar_speed_left                           0x20000010   Data           4  main.o(.data)
    tar_speed_right                          0x20000014   Data           4  main.o(.data)
    now_position_left                        0x20000018   Data           2  main.o(.data)
    now_position_right                       0x2000001a   Data           2  main.o(.data)
    save_position_left                       0x2000001c   Data           2  main.o(.data)
    save_position_right                      0x2000001e   Data           2  main.o(.data)
    tar_psoition_left                        0x20000020   Data           2  main.o(.data)
    tar_psoition_right                       0x20000022   Data           2  main.o(.data)
    turn_left_flag                           0x20000024   Data           1  main.o(.data)
    turn_right_flag                          0x20000025   Data           1  main.o(.data)
    Led_flag                                 0x20000026   Data           1  main.o(.data)
    Turn_Stop_Flag                           0x20000027   Data           1  main.o(.data)
    move_flag                                0x20000028   Data           1  main.o(.data)
    Turn_CD_flag                             0x20000029   Data           1  main.o(.data)
    Memory_flag                              0x2000002a   Data           1  main.o(.data)
    Step_flag                                0x2000002b   Data           1  main.o(.data)
    shibie_flag                              0x2000002c   Data           1  main.o(.data)
    Turn_count                               0x2000002d   Data           1  main.o(.data)
    xunji_vaule                              0x2000002e   Data           5  main.o(.data)
    time                                     0x20000034   Data           2  main.o(.data)
    Time_1000ms                              0x20000036   Data           2  main.o(.data)
    Time_100ms                               0x20000038   Data           2  main.o(.data)
    Turn_CD                                  0x2000003a   Data           2  main.o(.data)
    Oled_Slow_Down                           0x2000003c   Data           2  main.o(.data)
    Key_Val                                  0x2000003e   Data           1  main.o(.data)
    Key_Down                                 0x2000003f   Data           1  main.o(.data)
    Key_Old                                  0x20000040   Data           1  main.o(.data)
    Key_Up                                   0x20000041   Data           1  main.o(.data)
    SystemCoreClock                          0x20000044   Data           4  system_stm32f10x.o(.data)
    AHBPrescTable                            0x20000048   Data          16  system_stm32f10x.o(.data)
    Serial_RxData                            0x20000070   Data           1  serial.o(.data)
    Serial_RxFlag                            0x20000071   Data           1  serial.o(.data)
    k210_data                                0x20000072   Data           2  serial.o(.data)
    k210_flag                                0x20000074   Data           1  serial.o(.data)
    Dead_Voltage                             0x20000076   Data           2  motor.o(.data)
    i_Err_l                                  0x20000078   Data           4  pid.o(.data)
    i_last_err_l                             0x2000007c   Data           4  pid.o(.data)
    i_next_err_l                             0x20000080   Data           4  pid.o(.data)
    i_pwm_l                                  0x20000084   Data           4  pid.o(.data)
    i_add_l                                  0x20000088   Data           4  pid.o(.data)
    i_p_l                                    0x2000008c   Data           4  pid.o(.data)
    i_i_l                                    0x20000090   Data           4  pid.o(.data)
    i_d_l                                    0x20000094   Data           4  pid.o(.data)
    i_Err_r                                  0x20000098   Data           4  pid.o(.data)
    i_last_err_r                             0x2000009c   Data           4  pid.o(.data)
    i_next_err_r                             0x200000a0   Data           4  pid.o(.data)
    i_pwm_r                                  0x200000a4   Data           4  pid.o(.data)
    i_add_r                                  0x200000a8   Data           4  pid.o(.data)
    i_p_r                                    0x200000ac   Data           4  pid.o(.data)
    i_i_r                                    0x200000b0   Data           4  pid.o(.data)
    i_d_r                                    0x200000b4   Data           4  pid.o(.data)
    p_Err_l                                  0x200000b8   Data           4  pid.o(.data)
    p_last_err_l                             0x200000bc   Data           4  pid.o(.data)
    Integral_l                               0x200000c0   Data           4  pid.o(.data)
    p_pwm_l                                  0x200000c4   Data           4  pid.o(.data)
    p_p_l                                    0x200000c8   Data           4  pid.o(.data)
    p_i_l                                    0x200000cc   Data           4  pid.o(.data)
    p_d_l                                    0x200000d0   Data           4  pid.o(.data)
    p_Err_r                                  0x200000d4   Data           4  pid.o(.data)
    p_last_err_r                             0x200000d8   Data           4  pid.o(.data)
    Integral_r                               0x200000dc   Data           4  pid.o(.data)
    p_pwm_r                                  0x200000e0   Data           4  pid.o(.data)
    p_p_r                                    0x200000e4   Data           4  pid.o(.data)
    p_i_r                                    0x200000e8   Data           4  pid.o(.data)
    p_d_r                                    0x200000ec   Data           4  pid.o(.data)
    Serial_RxPacket                          0x200000f0   Data          10  serial.o(.bss)
    __initial_sp                             0x20000500   Data           0  startup_stm32f10x_md.o(STACK)



==============================================================================

Memory Map of the image

  Image Entry point : 0x08000101

  Load Region LR_1 (Base: 0x08000000, Size: 0x0000346c, Max: 0xffffffff, ABSOLUTE)

    Execution Region ER_RO (Exec base: 0x08000000, Load base: 0x08000000, Size: 0x0000337c, Max: 0xffffffff, ABSOLUTE)

    Exec Addr    Load Addr    Size         Type   Attr      Idx    E Section Name        Object

    0x08000000   0x08000000   0x000000ec   Data   RO          362    RESET               startup_stm32f10x_md.o
    0x080000ec   0x080000ec   0x00000000   Code   RO         4191  * .ARM.Collect$$$$00000000  mc_w.l(entry.o)
    0x080000ec   0x080000ec   0x00000004   Code   RO         4234    .ARM.Collect$$$$00000001  mc_w.l(entry2.o)
    0x080000f0   0x080000f0   0x00000004   Code   RO         4237    .ARM.Collect$$$$00000004  mc_w.l(entry5.o)
    0x080000f4   0x080000f4   0x00000000   Code   RO         4239    .ARM.Collect$$$$00000008  mc_w.l(entry7b.o)
    0x080000f4   0x080000f4   0x00000000   Code   RO         4241    .ARM.Collect$$$$0000000A  mc_w.l(entry8b.o)
    0x080000f4   0x080000f4   0x00000008   Code   RO         4242    .ARM.Collect$$$$0000000B  mc_w.l(entry9a.o)
    0x080000fc   0x080000fc   0x00000000   Code   RO         4244    .ARM.Collect$$$$0000000D  mc_w.l(entry10a.o)
    0x080000fc   0x080000fc   0x00000000   Code   RO         4246    .ARM.Collect$$$$0000000F  mc_w.l(entry11a.o)
    0x080000fc   0x080000fc   0x00000004   Code   RO         4235    .ARM.Collect$$$$00002712  mc_w.l(entry2.o)
    0x08000100   0x08000100   0x00000024   Code   RO          363  * .text               startup_stm32f10x_md.o
    0x08000124   0x08000124   0x000000b0   Code   RO         4222    .text               mf_w.l(fadd.o)
    0x080001d4   0x080001d4   0x00000064   Code   RO         4224    .text               mf_w.l(fmul.o)
    0x08000238   0x08000238   0x00000012   Code   RO         4226    .text               mf_w.l(fflti.o)
    0x0800024a   0x0800024a   0x00000032   Code   RO         4228    .text               mf_w.l(ffixi.o)
    0x0800027c   0x0800027c   0x00000014   Code   RO         4230    .text               mf_w.l(cfcmple.o)
    0x08000290   0x08000290   0x00000014   Code   RO         4232    .text               mf_w.l(cfrcmple.o)
    0x080002a4   0x080002a4   0x00000000   Code   RO         4253    .text               mc_w.l(iusefp.o)
    0x080002a4   0x080002a4   0x0000006e   Code   RO         4254    .text               mf_w.l(fepilogue.o)
    0x08000312   0x08000312   0x00000002   PAD
    0x08000314   0x08000314   0x00000024   Code   RO         4266    .text               mc_w.l(init.o)
    0x08000338   0x08000338   0x00000004   Code   RO          169    i.BusFault_Handler  stm32f10x_it.o
    0x0800033c   0x0800033c   0x00000002   Code   RO          170    i.DebugMon_Handler  stm32f10x_it.o
    0x0800033e   0x0800033e   0x00000116   Code   RO         2092    i.GPIO_Init         stm32f10x_gpio.o
    0x08000454   0x08000454   0x00000090   Code   RO         2094    i.GPIO_PinRemapConfig  stm32f10x_gpio.o
    0x080004e4   0x080004e4   0x00000012   Code   RO         2096    i.GPIO_ReadInputDataBit  stm32f10x_gpio.o
    0x080004f6   0x080004f6   0x00000004   Code   RO         2099    i.GPIO_ResetBits    stm32f10x_gpio.o
    0x080004fa   0x080004fa   0x00000004   Code   RO         2100    i.GPIO_SetBits      stm32f10x_gpio.o
    0x080004fe   0x080004fe   0x00000004   Code   RO          171    i.HardFault_Handler  stm32f10x_it.o
    0x08000502   0x08000502   0x00000002   PAD
    0x08000504   0x08000504   0x00000048   Code   RO         3949    i.IIC_Init          oled_i2c.o
    0x0800054c   0x0800054c   0x00000068   Code   RO         3952    i.IIC_Send_Byte     oled_i2c.o
    0x080005b4   0x080005b4   0x0000004c   Code   RO         3953    i.IIC_Start         oled_i2c.o
    0x08000600   0x08000600   0x0000004c   Code   RO         3954    i.IIC_Stop          oled_i2c.o
    0x0800064c   0x0800064c   0x00000064   Code   RO         3955    i.IIC_Wait_Ack      oled_i2c.o
    0x080006b0   0x080006b0   0x00000034   Code   RO            1    i.K210_deal         main.o
    0x080006e4   0x080006e4   0x000000b8   Code   RO            2    i.Key               main.o
    0x0800079c   0x0800079c   0x00000038   Code   RO         4152    i.Key_GetNum        key.o
    0x080007d4   0x080007d4   0x00000054   Code   RO         4153    i.Key_Init          key.o
    0x08000828   0x08000828   0x00000034   Code   RO         4137    i.LED_Init          led.o
    0x0800085c   0x0800085c   0x00000004   Code   RO          172    i.MemManage_Handler  stm32f10x_it.o
    0x08000860   0x08000860   0x00000002   Code   RO          173    i.NMI_Handler       stm32f10x_it.o
    0x08000862   0x08000862   0x00000002   PAD
    0x08000864   0x08000864   0x00000070   Code   RO          941    i.NVIC_Init         misc.o
    0x080008d4   0x080008d4   0x00000014   Code   RO          942    i.NVIC_PriorityGroupConfig  misc.o
    0x080008e8   0x080008e8   0x0000004c   Code   RO         3716    i.OLED_Command      oled.o
    0x08000934   0x08000934   0x0000004c   Code   RO         3717    i.OLED_Data         oled.o
    0x08000980   0x08000980   0x0000003a   Code   RO         3719    i.OLED_Fill         oled.o
    0x080009ba   0x080009ba   0x000000bc   Code   RO         3720    i.OLED_Init         oled.o
    0x08000a76   0x08000a76   0x00000028   Code   RO         3723    i.OLED_SetPos       oled.o
    0x08000a9e   0x08000a9e   0x00000002   PAD
    0x08000aa0   0x08000aa0   0x00000120   Code   RO         3726    i.OLED_ShowNum      oled.o
    0x08000bc0   0x08000bc0   0x00000050   Code   RO         3727    i.OLED_ShowPWM      oled.o
    0x08000c10   0x08000c10   0x00000100   Code   RO         3728    i.OLED_ShowSNum     oled.o
    0x08000d10   0x08000d10   0x000000ec   Code   RO         3729    i.OLED_ShowStr      oled.o
    0x08000dfc   0x08000dfc   0x00000058   Code   RO         3730    i.OLED_ShowTrace    oled.o
    0x08000e54   0x08000e54   0x000000ce   Code   RO         3732    i.OLED_Shownum1     oled.o
    0x08000f22   0x08000f22   0x00000002   PAD
    0x08000f24   0x08000f24   0x000000d0   Code   RO            3    i.Oled_disp         main.o
    0x08000ff4   0x08000ff4   0x00000002   Code   RO          174    i.PendSV_Handler    stm32f10x_it.o
    0x08000ff6   0x08000ff6   0x00000002   PAD
    0x08000ff8   0x08000ff8   0x00000020   Code   RO         2508    i.RCC_APB1PeriphClockCmd  stm32f10x_rcc.o
    0x08001018   0x08001018   0x00000020   Code   RO         2510    i.RCC_APB2PeriphClockCmd  stm32f10x_rcc.o
    0x08001038   0x08001038   0x000000d4   Code   RO         2518    i.RCC_GetClocksFreq  stm32f10x_rcc.o
    0x0800110c   0x0800110c   0x0000001c   Code   RO         4173    i.Read_Xunji        xunji.o
    0x08001128   0x08001128   0x00000002   Code   RO          175    i.SVC_Handler       stm32f10x_it.o
    0x0800112a   0x0800112a   0x00000002   PAD
    0x0800112c   0x0800112c   0x000000b4   Code   RO         3421    i.Serial_Init       serial.o
    0x080011e0   0x080011e0   0x00000008   Code   RO          315    i.SetSysClock       system_stm32f10x.o
    0x080011e8   0x080011e8   0x000000e0   Code   RO          316    i.SetSysClockTo72   system_stm32f10x.o
    0x080012c8   0x080012c8   0x0000004c   Code   RO         4005    i.Set_PWM_left      motor.o
    0x08001314   0x08001314   0x0000004c   Code   RO         4006    i.Set_PWM_right     motor.o
    0x08001360   0x08001360   0x00000028   Code   RO          945    i.SysTick_CLKSourceConfig  misc.o
    0x08001388   0x08001388   0x00000002   Code   RO          176    i.SysTick_Handler   stm32f10x_it.o
    0x0800138a   0x0800138a   0x00000002   PAD
    0x0800138c   0x0800138c   0x00000060   Code   RO          318    i.SystemInit        system_stm32f10x.o
    0x080013ec   0x080013ec   0x00000080   Code   RO          367    i.TI1_Config        stm32f10x_tim.o
    0x0800146c   0x0800146c   0x00000098   Code   RO          368    i.TI2_Config        stm32f10x_tim.o
    0x08001504   0x08001504   0x00000090   Code   RO          369    i.TI3_Config        stm32f10x_tim.o
    0x08001594   0x08001594   0x00000098   Code   RO          370    i.TI4_Config        stm32f10x_tim.o
    0x0800162c   0x0800162c   0x000000e8   Code   RO         3586    i.TIM1_PWM_Init     timer.o
    0x08001714   0x08001714   0x00000240   Code   RO            4    i.TIM1_UP_IRQHandler  main.o
    0x08001954   0x08001954   0x00000016   Code   RO         3587    i.TIM2_IRQHandler   timer.o
    0x0800196a   0x0800196a   0x00000002   PAD
    0x0800196c   0x0800196c   0x00000094   Code   RO         3588    i.TIM2_encoder_init  timer.o
    0x08001a00   0x08001a00   0x0000001c   Code   RO         3589    i.TIM3_IRQHandler   timer.o
    0x08001a1c   0x08001a1c   0x00000094   Code   RO         3590    i.TIM3_encoder_init  timer.o
    0x08001ab0   0x08001ab0   0x00000006   Code   RO          377    i.TIM_ClearFlag     stm32f10x_tim.o
    0x08001ab6   0x08001ab6   0x00000006   Code   RO          378    i.TIM_ClearITPendingBit  stm32f10x_tim.o
    0x08001abc   0x08001abc   0x00000018   Code   RO          383    i.TIM_Cmd           stm32f10x_tim.o
    0x08001ad4   0x08001ad4   0x0000001e   Code   RO          385    i.TIM_CtrlPWMOutputs  stm32f10x_tim.o
    0x08001af2   0x08001af2   0x00000042   Code   RO          392    i.TIM_EncoderInterfaceConfig  stm32f10x_tim.o
    0x08001b34   0x08001b34   0x00000006   Code   RO          402    i.TIM_GetCounter    stm32f10x_tim.o
    0x08001b3a   0x08001b3a   0x00000022   Code   RO          404    i.TIM_GetITStatus   stm32f10x_tim.o
    0x08001b5c   0x08001b5c   0x000000ac   Code   RO          406    i.TIM_ICInit        stm32f10x_tim.o
    0x08001c08   0x08001c08   0x00000012   Code   RO          407    i.TIM_ICStructInit  stm32f10x_tim.o
    0x08001c1a   0x08001c1a   0x00000012   Code   RO          408    i.TIM_ITConfig      stm32f10x_tim.o
    0x08001c2c   0x08001c2c   0x00000098   Code   RO          412    i.TIM_OC1Init       stm32f10x_tim.o
    0x08001cc4   0x08001cc4   0x00000012   Code   RO          415    i.TIM_OC1PreloadConfig  stm32f10x_tim.o
    0x08001cd6   0x08001cd6   0x00000002   PAD
    0x08001cd8   0x08001cd8   0x0000007c   Code   RO          427    i.TIM_OC4Init       stm32f10x_tim.o
    0x08001d54   0x08001d54   0x0000001a   Code   RO          429    i.TIM_OC4PreloadConfig  stm32f10x_tim.o
    0x08001d6e   0x08001d6e   0x00000004   Code   RO          444    i.TIM_SetCompare1   stm32f10x_tim.o
    0x08001d72   0x08001d72   0x00000006   Code   RO          447    i.TIM_SetCompare4   stm32f10x_tim.o
    0x08001d78   0x08001d78   0x00000004   Code   RO          448    i.TIM_SetCounter    stm32f10x_tim.o
    0x08001d7c   0x08001d7c   0x00000012   Code   RO          449    i.TIM_SetIC1Prescaler  stm32f10x_tim.o
    0x08001d8e   0x08001d8e   0x0000001a   Code   RO          450    i.TIM_SetIC2Prescaler  stm32f10x_tim.o
    0x08001da8   0x08001da8   0x00000012   Code   RO          451    i.TIM_SetIC3Prescaler  stm32f10x_tim.o
    0x08001dba   0x08001dba   0x0000001a   Code   RO          452    i.TIM_SetIC4Prescaler  stm32f10x_tim.o
    0x08001dd4   0x08001dd4   0x000000a4   Code   RO          454    i.TIM_TimeBaseInit  stm32f10x_tim.o
    0x08001e78   0x08001e78   0x00000012   Code   RO          455    i.TIM_TimeBaseStructInit  stm32f10x_tim.o
    0x08001e8a   0x08001e8a   0x00000002   PAD
    0x08001e8c   0x08001e8c   0x000000a4   Code   RO         3428    i.USART2_IRQHandler  serial.o
    0x08001f30   0x08001f30   0x0000001e   Code   RO         3127    i.USART_ClearITPendingBit  stm32f10x_usart.o
    0x08001f4e   0x08001f4e   0x00000018   Code   RO         3130    i.USART_Cmd         stm32f10x_usart.o
    0x08001f66   0x08001f66   0x00000054   Code   RO         3134    i.USART_GetITStatus  stm32f10x_usart.o
    0x08001fba   0x08001fba   0x0000004a   Code   RO         3136    i.USART_ITConfig    stm32f10x_usart.o
    0x08002004   0x08002004   0x000000d8   Code   RO         3137    i.USART_Init        stm32f10x_usart.o
    0x080020dc   0x080020dc   0x0000000a   Code   RO         3144    i.USART_ReceiveData  stm32f10x_usart.o
    0x080020e6   0x080020e6   0x00000004   Code   RO          177    i.UsageFault_Handler  stm32f10x_it.o
    0x080020ea   0x080020ea   0x00000002   PAD
    0x080020ec   0x080020ec   0x000002f0   Code   RO            5    i.Xunji             main.o
    0x080023dc   0x080023dc   0x0000002c   Code   RO         4174    i.Xunji_Init        xunji.o
    0x08002408   0x08002408   0x0000000e   Code   RO         4278    i.__scatterload_copy  mc_w.l(handlers.o)
    0x08002416   0x08002416   0x00000002   Code   RO         4279    i.__scatterload_null  mc_w.l(handlers.o)
    0x08002418   0x08002418   0x0000000e   Code   RO         4280    i.__scatterload_zeroinit  mc_w.l(handlers.o)
    0x08002426   0x08002426   0x00000002   PAD
    0x08002428   0x08002428   0x00000044   Code   RO         3360    i.delay_init        delay.o
    0x0800246c   0x0800246c   0x0000004c   Code   RO         3361    i.delay_ms          delay.o
    0x080024b8   0x080024b8   0x0000004c   Code   RO         3362    i.delay_us          delay.o
    0x08002504   0x08002504   0x000000d4   Code   RO         4083    i.i_pid_l           pid.o
    0x080025d8   0x080025d8   0x000000d4   Code   RO         4084    i.i_pid_r           pid.o
    0x080026ac   0x080026ac   0x0000001c   Code   RO         4007    i.left_negative     motor.o
    0x080026c8   0x080026c8   0x0000001c   Code   RO         4008    i.left_positive     motor.o
    0x080026e4   0x080026e4   0x00000028   Code   RO         4085    i.limit             pid.o
    0x0800270c   0x0800270c   0x00000198   Code   RO            6    i.main              main.o
    0x080028a4   0x080028a4   0x00000048   Code   RO         4009    i.motor_gpio_init   motor.o
    0x080028ec   0x080028ec   0x0000001a   Code   RO         4010    i.motor_init        motor.o
    0x08002906   0x08002906   0x0000000e   Code   RO         4086    i.myabs             pid.o
    0x08002914   0x08002914   0x00000024   Code   RO         3430    i.openmv_data_test  serial.o
    0x08002938   0x08002938   0x000000b8   Code   RO         4087    i.p_pid_l           pid.o
    0x080029f0   0x080029f0   0x000000b8   Code   RO         4088    i.p_pid_r           pid.o
    0x08002aa8   0x08002aa8   0x0000002c   Code   RO         4089    i.pwm_control       pid.o
    0x08002ad4   0x08002ad4   0x0000001a   Code   RO         4011    i.read_encoder2     motor.o
    0x08002aee   0x08002aee   0x00000002   PAD
    0x08002af0   0x08002af0   0x0000001c   Code   RO         4012    i.read_encoder3     motor.o
    0x08002b0c   0x08002b0c   0x0000001c   Code   RO         4013    i.right_negative    motor.o
    0x08002b28   0x08002b28   0x0000001c   Code   RO         4014    i.right_positive    motor.o
    0x08002b44   0x08002b44   0x00000818   Data   RO         3735    .constdata          oled.o
    0x0800335c   0x0800335c   0x00000020   Data   RO         4276    Region$$Table       anon$$obj.o


    Execution Region ER_RW (Exec base: 0x20000000, Load base: 0x0800337c, Size: 0x000000f0, Max: 0xffffffff, ABSOLUTE)

    Exec Addr    Load Addr    Size         Type   Attr      Idx    E Section Name        Object

    0x20000000   0x0800337c   0x00000042   Data   RW            7    .data               main.o
    0x20000042   0x080033be   0x00000002   PAD
    0x20000044   0x080033c0   0x00000014   Data   RW          319    .data               system_stm32f10x.o
    0x20000058   0x080033d4   0x00000014   Data   RW         2538    .data               stm32f10x_rcc.o
    0x2000006c   0x080033e8   0x00000004   Data   RW         3363    .data               delay.o
    0x20000070   0x080033ec   0x00000006   Data   RW         3432    .data               serial.o
    0x20000076   0x080033f2   0x00000002   Data   RW         4015    .data               motor.o
    0x20000078   0x080033f4   0x00000078   Data   RW         4090    .data               pid.o


    Execution Region ER_ZI (Exec base: 0x200000f0, Load base: 0x0800346c, Size: 0x00000410, Max: 0xffffffff, ABSOLUTE)

    Exec Addr    Load Addr    Size         Type   Attr      Idx    E Section Name        Object

    0x200000f0        -       0x0000000a   Zero   RW         3431    .bss                serial.o
    0x200000fa   0x0800346c   0x00000006   PAD
    0x20000100        -       0x00000400   Zero   RW          360    STACK               startup_stm32f10x_md.o


==============================================================================

Image component sizes


      Code (inc. data)   RO Data    RW Data    ZI Data      Debug   Object Name

         0          0          0          0          0         32   core_cm3.o
       220         26          0          4          0       1775   delay.o
       140         20          0          0          0       1044   key.o
        52          6          0          0          0        499   led.o
      2180        304          0         66          0      10339   main.o
       172         22          0          0          0       2121   misc.o
       416         50          0          2          0       5499   motor.o
      1592         54       2072          0          0       8602   oled.o
       428         64          0          0          0       2757   oled_i2c.o
       890        146          0        120          0       5364   pid.o
       380         26          0          6         10     220687   serial.o
        36          8        236          0       1024        796   startup_stm32f10x_md.o
       448          6          0          0          0       4594   stm32f10x_gpio.o
        26          0          0          0          0      47434   stm32f10x_it.o
       276         32          0         20          0       4510   stm32f10x_rcc.o
      1560        180          0          0          0     221097   stm32f10x_tim.o
       438          6          0          0          0       5752   stm32f10x_usart.o
       328         28          0         20          0       2165   system_stm32f10x.o
       578         28          0          0          0     235380   timer.o
        72          8          0          0          0       1014   xunji.o

    ----------------------------------------------------------------------
     10256       1014       2340        240       1040     781461   Object Totals
         0          0         32          0          0          0   (incl. Generated)
        24          0          0          2          6          0   (incl. Padding)

    ----------------------------------------------------------------------

      Code (inc. data)   RO Data    RW Data    ZI Data      Debug   Library Member Name

         0          0          0          0          0          0   entry.o
         0          0          0          0          0          0   entry10a.o
         0          0          0          0          0          0   entry11a.o
         8          4          0          0          0          0   entry2.o
         4          0          0          0          0          0   entry5.o
         0          0          0          0          0          0   entry7b.o
         0          0          0          0          0          0   entry8b.o
         8          4          0          0          0          0   entry9a.o
        30          0          0          0          0          0   handlers.o
        36          8          0          0          0         68   init.o
         0          0          0          0          0          0   iusefp.o
        20          0          0          0          0         68   cfcmple.o
        20          0          0          0          0         68   cfrcmple.o
       176          0          0          0          0        140   fadd.o
       110          0          0          0          0        168   fepilogue.o
        50          0          0          0          0         68   ffixi.o
        18          0          0          0          0         68   fflti.o
       100          0          0          0          0         76   fmul.o

    ----------------------------------------------------------------------
       584         16          0          0          0        724   Library Totals
         4          0          0          0          0          0   (incl. Padding)

    ----------------------------------------------------------------------

      Code (inc. data)   RO Data    RW Data    ZI Data      Debug   Library Name

        86         16          0          0          0         68   mc_w.l
       494          0          0          0          0        656   mf_w.l

    ----------------------------------------------------------------------
       584         16          0          0          0        724   Library Totals

    ----------------------------------------------------------------------

==============================================================================


      Code (inc. data)   RO Data    RW Data    ZI Data      Debug   

     10840       1030       2340        240       1040     776513   Grand Totals
     10840       1030       2340        240       1040     776513   ELF Image Totals
     10840       1030       2340        240          0          0   ROM Totals

==============================================================================

    Total RO  Size (Code + RO Data)                13180 (  12.87kB)
    Total RW  Size (RW Data + ZI Data)              1280 (   1.25kB)
    Total ROM Size (Code + RO Data + RW Data)      13420 (  13.11kB)

==============================================================================

